     1 00000000                                 [FORMAT "WCOFF"]
     2 00000000                                 [INSTRSET "i486p"]
     3 00000000                                 [OPTIMIZE 1]
     4 00000000                                 [OPTION 1]
     5 00000000                                 [BITS 32]
     6 00000000                                 	EXTERN	_memman_alloc_4K
     7 00000000                                 	EXTERN	_set_segmdesc
     8 00000000                                 	EXTERN	_load_tr
     9 00000000                                 	EXTERN	_timer_alloc
    10 00000000                                 	EXTERN	_timer_settime
    11 00000000                                 	EXTERN	_farjmp
    12 00000000                                 	EXTERN	_io_hlt
    13 00000000                                 [FILE "task.c"]
    14                                          [SECTION .text]
    15 00000000                                 	GLOBAL	_task_now
    16 00000000                                 _task_now:
    17 00000000 A1 [00000004]                   	MOV	EAX,DWORD [_taskctl]
    18 00000005 55                              	PUSH	EBP
    19 00000006 89 E5                           	MOV	EBP,ESP
    20 00000008 5D                              	POP	EBP
    21 00000009 8B 10                           	MOV	EDX,DWORD [EAX]
    22 0000000B 69 D2 00000198                  	IMUL	EDX,EDX,408
    23 00000011 8D 44 02 08                     	LEA	EAX,DWORD [8+EDX+EAX*1]
    24 00000015 8B 50 04                        	MOV	EDX,DWORD [4+EAX]
    25 00000018 8B 44 90 08                     	MOV	EAX,DWORD [8+EAX+EDX*4]
    26 0000001C C3                              	RET
    27 0000001D                                 	GLOBAL	_task_add
    28 0000001D                                 _task_add:
    29 0000001D 55                              	PUSH	EBP
    30 0000001E 89 E5                           	MOV	EBP,ESP
    31 00000020 8B 4D 08                        	MOV	ECX,DWORD [8+EBP]
    32 00000023 8B 51 08                        	MOV	EDX,DWORD [8+ECX]
    33 00000026 69 D2 00000198                  	IMUL	EDX,EDX,408
    34 0000002C 03 15 [00000004]                	ADD	EDX,DWORD [_taskctl]
    35 00000032 8B 42 08                        	MOV	EAX,DWORD [8+EDX]
    36 00000035 89 4C 82 10                     	MOV	DWORD [16+EDX+EAX*4],ECX
    37 00000039 40                              	INC	EAX
    38 0000003A 89 42 08                        	MOV	DWORD [8+EDX],EAX
    39 0000003D C7 41 04 00000002               	MOV	DWORD [4+ECX],2
    40 00000044 5D                              	POP	EBP
    41 00000045 C3                              	RET
    42 00000046                                 	GLOBAL	_task_remove
    43 00000046                                 _task_remove:
    44 00000046 55                              	PUSH	EBP
    45 00000047 31 C9                           	XOR	ECX,ECX
    46 00000049 89 E5                           	MOV	EBP,ESP
    47 0000004B 53                              	PUSH	EBX
    48 0000004C 8B 5D 08                        	MOV	EBX,DWORD [8+EBP]
    49 0000004F 8B 43 08                        	MOV	EAX,DWORD [8+EBX]
    50 00000052 69 C0 00000198                  	IMUL	EAX,EAX,408
    51 00000058 03 05 [00000004]                	ADD	EAX,DWORD [_taskctl]
    52 0000005E 8D 50 08                        	LEA	EDX,DWORD [8+EAX]
    53 00000061 3B 48 08                        	CMP	ECX,DWORD [8+EAX]
    54 00000064 7D 0B                           	JGE	L5
    55 00000066                                 L9:
    56 00000066 39 5C 8A 08                     	CMP	DWORD [8+EDX+ECX*4],EBX
    57 0000006A 74 05                           	JE	L5
    58 0000006C 41                              	INC	ECX
    59 0000006D 3B 0A                           	CMP	ECX,DWORD [EDX]
    60 0000006F 7C F5                           	JL	L9
    61 00000071                                 L5:
    62 00000071 8B 42 04                        	MOV	EAX,DWORD [4+EDX]
    63 00000074 FF 0A                           	DEC	DWORD [EDX]
    64 00000076 39 C1                           	CMP	ECX,EAX
    65 00000078 7D 04                           	JGE	L10
    66 0000007A 48                              	DEC	EAX
    67 0000007B 89 42 04                        	MOV	DWORD [4+EDX],EAX
    68 0000007E                                 L10:
    69 0000007E 8B 02                           	MOV	EAX,DWORD [EDX]
    70 00000080 39 42 04                        	CMP	DWORD [4+EDX],EAX
    71 00000083 7C 07                           	JL	L11
    72 00000085 C7 42 04 00000000               	MOV	DWORD [4+EDX],0
    73 0000008C                                 L11:
    74 0000008C C7 43 04 00000001               	MOV	DWORD [4+EBX],1
    75 00000093 8B 1A                           	MOV	EBX,DWORD [EDX]
    76 00000095 39 D9                           	CMP	ECX,EBX
    77 00000097 7D 0D                           	JGE	L19
    78 00000099                                 L16:
    79 00000099 8B 44 8A 0C                     	MOV	EAX,DWORD [12+EDX+ECX*4]
    80 0000009D 89 44 8A 08                     	MOV	DWORD [8+EDX+ECX*4],EAX
    81 000000A1 41                              	INC	ECX
    82 000000A2 39 D9                           	CMP	ECX,EBX
    83 000000A4 7C F3                           	JL	L16
    84 000000A6                                 L19:
    85 000000A6 5B                              	POP	EBX
    86 000000A7 5D                              	POP	EBP
    87 000000A8 C3                              	RET
    88 000000A9                                 	GLOBAL	_task_switchsub
    89 000000A9                                 _task_switchsub:
    90 000000A9 55                              	PUSH	EBP
    91 000000AA 31 C9                           	XOR	ECX,ECX
    92 000000AC 89 E5                           	MOV	EBP,ESP
    93 000000AE A1 [00000004]                   	MOV	EAX,DWORD [_taskctl]
    94 000000B3 31 D2                           	XOR	EDX,EDX
    95 000000B5                                 L26:
    96 000000B5 83 7C 10 08 00                  	CMP	DWORD [8+EAX+EDX*1],0
    97 000000BA 7F 0C                           	JG	L22
    98 000000BC 41                              	INC	ECX
    99 000000BD 81 C2 00000198                  	ADD	EDX,408
   100 000000C3 83 F9 09                        	CMP	ECX,9
   101 000000C6 7E ED                           	JLE	L26
   102 000000C8                                 L22:
   103 000000C8 89 08                           	MOV	DWORD [EAX],ECX
   104 000000CA C6 40 04 00                     	MOV	BYTE [4+EAX],0
   105 000000CE 5D                              	POP	EBP
   106 000000CF C3                              	RET
   107 000000D0                                 	GLOBAL	_task_init
   108 000000D0                                 _task_init:
   109 000000D0 55                              	PUSH	EBP
   110 000000D1 89 E5                           	MOV	EBP,ESP
   111 000000D3 57                              	PUSH	EDI
   112 000000D4 56                              	PUSH	ESI
   113 000000D5 31 FF                           	XOR	EDI,EDI
   114 000000D7 53                              	PUSH	EBX
   115 000000D8 31 F6                           	XOR	ESI,ESI
   116 000000DA 68 0001F458                     	PUSH	128088
   117 000000DF BB 000003E7                     	MOV	EBX,999
   118 000000E4 FF 75 08                        	PUSH	DWORD [8+EBP]
   119 000000E7 E8 [00000000]                   	CALL	_memman_alloc_4K
   120 000000EC A3 [00000004]                   	MOV	DWORD [_taskctl],EAX
   121 000000F1 58                              	POP	EAX
   122 000000F2 5A                              	POP	EDX
   123 000000F3                                 L33:
   124 000000F3 89 F8                           	MOV	EAX,EDI
   125 000000F5 8D 56 18                        	LEA	EDX,DWORD [24+ESI]
   126 000000F8 03 05 [00000004]                	ADD	EAX,DWORD [_taskctl]
   127 000000FE 83 C7 7C                        	ADD	EDI,124
   128 00000101 C7 80 00000FFC 00000000         	MOV	DWORD [4092+EAX],0
   129 0000010B 89 90 00000FF8                  	MOV	DWORD [4088+EAX],EDX
   130 00000111 05 00001008                     	ADD	EAX,4104
   131 00000116 68 00000089                     	PUSH	137
   132 0000011B 50                              	PUSH	EAX
   133 0000011C 8D 86 00270018                  	LEA	EAX,DWORD [2555928+ESI]
   134 00000122 6A 67                           	PUSH	103
   135 00000124 83 C6 08                        	ADD	ESI,8
   136 00000127 50                              	PUSH	EAX
   137 00000128 E8 [00000000]                   	CALL	_set_segmdesc
   138 0000012D 83 C4 10                        	ADD	ESP,16
   139 00000130 4B                              	DEC	EBX
   140 00000131 79 C0                           	JNS	L33
   141 00000133 8B 0D [00000004]                	MOV	ECX,DWORD [_taskctl]
   142 00000139 31 D2                           	XOR	EDX,EDX
   143 0000013B BB 00000009                     	MOV	EBX,9
   144 00000140                                 L38:
   145 00000140 8D 04 11                        	LEA	EAX,DWORD [ECX+EDX*1]
   146 00000143 81 C2 00000198                  	ADD	EDX,408
   147 00000149 4B                              	DEC	EBX
   148 0000014A C7 40 08 00000000               	MOV	DWORD [8+EAX],0
   149 00000151 C7 40 0C 00000000               	MOV	DWORD [12+EAX],0
   150 00000158 79 E6                           	JNS	L38
   151 0000015A E8 0000009D                     	CALL	_task_alloc
   152 0000015F 89 C6                           	MOV	ESI,EAX
   153 00000161 C7 40 04 00000002               	MOV	DWORD [4+EAX],2
   154 00000168 C7 40 0C 00000002               	MOV	DWORD [12+EAX],2
   155 0000016F C7 40 08 00000000               	MOV	DWORD [8+EAX],0
   156 00000176 50                              	PUSH	EAX
   157 00000177 E8 FFFFFEA1                     	CALL	_task_add
   158 0000017C E8 FFFFFF28                     	CALL	_task_switchsub
   159 00000181 FF 36                           	PUSH	DWORD [ESI]
   160 00000183 E8 [00000000]                   	CALL	_load_tr
   161 00000188 E8 [00000000]                   	CALL	_timer_alloc
   162 0000018D FF 76 0C                        	PUSH	DWORD [12+ESI]
   163 00000190 50                              	PUSH	EAX
   164 00000191 A3 [00000000]                   	MOV	DWORD [_task_timer],EAX
   165 00000196 E8 [00000000]                   	CALL	_timer_settime
   166 0000019B E8 0000005C                     	CALL	_task_alloc
   167 000001A0 68 00010000                     	PUSH	65536
   168 000001A5 FF 75 08                        	PUSH	DWORD [8+EBP]
   169 000001A8 89 C3                           	MOV	EBX,EAX
   170 000001AA E8 [00000000]                   	CALL	_memman_alloc_4K
   171 000001AF 05 00010000                     	ADD	EAX,65536
   172 000001B4 89 43 48                        	MOV	DWORD [72+EBX],EAX
   173 000001B7 C7 43 30 [000003A9]             	MOV	DWORD [48+EBX],_task_idle
   174 000001BE C7 43 58 00000008               	MOV	DWORD [88+EBX],8
   175 000001C5 C7 43 5C 00000010               	MOV	DWORD [92+EBX],16
   176 000001CC C7 43 60 00000008               	MOV	DWORD [96+EBX],8
   177 000001D3 C7 43 64 00000008               	MOV	DWORD [100+EBX],8
   178 000001DA C7 43 68 00000008               	MOV	DWORD [104+EBX],8
   179 000001E1 C7 43 6C 00000008               	MOV	DWORD [108+EBX],8
   180 000001E8 6A 01                           	PUSH	1
   181 000001EA 6A 09                           	PUSH	9
   182 000001EC 53                              	PUSH	EBX
   183 000001ED E8 000000A9                     	CALL	_task_run
   184 000001F2 8D 65 F4                        	LEA	ESP,DWORD [-12+EBP]
   185 000001F5 5B                              	POP	EBX
   186 000001F6 89 F0                           	MOV	EAX,ESI
   187 000001F8 5E                              	POP	ESI
   188 000001F9 5F                              	POP	EDI
   189 000001FA 5D                              	POP	EBP
   190 000001FB C3                              	RET
   191 000001FC                                 	GLOBAL	_task_alloc
   192 000001FC                                 _task_alloc:
   193 000001FC 55                              	PUSH	EBP
   194 000001FD 31 C9                           	XOR	ECX,ECX
   195 000001FF 89 E5                           	MOV	EBP,ESP
   196 00000201 31 D2                           	XOR	EDX,EDX
   197 00000203                                 L49:
   198 00000203 89 D0                           	MOV	EAX,EDX
   199 00000205 03 05 [00000004]                	ADD	EAX,DWORD [_taskctl]
   200 0000020B 83 B8 00000FFC 00               	CMP	DWORD [4092+EAX],0
   201 00000212 74 10                           	JE	L52
   202 00000214 41                              	INC	ECX
   203 00000215 83 C2 7C                        	ADD	EDX,124
   204 00000218 81 F9 000003E7                  	CMP	ECX,999
   205 0000021E 7E E3                           	JLE	L49
   206 00000220 31 C0                           	XOR	EAX,EAX
   207 00000222                                 L43:
   208 00000222 5D                              	POP	EBP
   209 00000223 C3                              	RET
   210 00000224                                 L52:
   211 00000224 05 00000FF8                     	ADD	EAX,4088
   212 00000229 C7 40 04 00000001               	MOV	DWORD [4+EAX],1
   213 00000230 C7 40 34 00000202               	MOV	DWORD [52+EAX],514
   214 00000237 C7 40 38 00000000               	MOV	DWORD [56+EAX],0
   215 0000023E C7 40 3C 00000000               	MOV	DWORD [60+EAX],0
   216 00000245 C7 40 40 00000000               	MOV	DWORD [64+EAX],0
   217 0000024C C7 40 44 00000000               	MOV	DWORD [68+EAX],0
   218 00000253 C7 40 4C 00000000               	MOV	DWORD [76+EAX],0
   219 0000025A C7 40 50 00000000               	MOV	DWORD [80+EAX],0
   220 00000261 C7 40 54 00000000               	MOV	DWORD [84+EAX],0
   221 00000268 C7 40 58 00000000               	MOV	DWORD [88+EAX],0
   222 0000026F C7 40 64 00000000               	MOV	DWORD [100+EAX],0
   223 00000276 C7 40 68 00000000               	MOV	DWORD [104+EAX],0
   224 0000027D C7 40 6C 00000000               	MOV	DWORD [108+EAX],0
   225 00000284 C7 40 70 00000000               	MOV	DWORD [112+EAX],0
   226 0000028B C7 40 74 40000000               	MOV	DWORD [116+EAX],1073741824
   227 00000292 C7 40 18 00000000               	MOV	DWORD [24+EAX],0
   228 00000299 EB 87                           	JMP	L43
   229 0000029B                                 	GLOBAL	_task_run
   230 0000029B                                 _task_run:
   231 0000029B 55                              	PUSH	EBP
   232 0000029C 89 E5                           	MOV	EBP,ESP
   233 0000029E 56                              	PUSH	ESI
   234 0000029F 53                              	PUSH	EBX
   235 000002A0 8B 75 0C                        	MOV	ESI,DWORD [12+EBP]
   236 000002A3 8B 45 10                        	MOV	EAX,DWORD [16+EBP]
   237 000002A6 8B 5D 08                        	MOV	EBX,DWORD [8+EBP]
   238 000002A9 85 F6                           	TEST	ESI,ESI
   239 000002AB 78 3B                           	JS	L58
   240 000002AD                                 L54:
   241 000002AD 85 C0                           	TEST	EAX,EAX
   242 000002AF 7E 03                           	JLE	L55
   243 000002B1 89 43 0C                        	MOV	DWORD [12+EBX],EAX
   244 000002B4                                 L55:
   245 000002B4 83 7B 04 02                     	CMP	DWORD [4+EBX],2
   246 000002B8 74 20                           	JE	L59
   247 000002BA                                 L56:
   248 000002BA 83 7B 04 02                     	CMP	DWORD [4+EBX],2
   249 000002BE 74 0A                           	JE	L57
   250 000002C0 89 73 08                        	MOV	DWORD [8+EBX],ESI
   251 000002C3 53                              	PUSH	EBX
   252 000002C4 E8 FFFFFD54                     	CALL	_task_add
   253 000002C9 59                              	POP	ECX
   254 000002CA                                 L57:
   255 000002CA A1 [00000004]                   	MOV	EAX,DWORD [_taskctl]
   256 000002CF C6 40 04 01                     	MOV	BYTE [4+EAX],1
   257 000002D3 8D 65 F8                        	LEA	ESP,DWORD [-8+EBP]
   258 000002D6 5B                              	POP	EBX
   259 000002D7 5E                              	POP	ESI
   260 000002D8 5D                              	POP	EBP
   261 000002D9 C3                              	RET
   262 000002DA                                 L59:
   263 000002DA 39 73 08                        	CMP	DWORD [8+EBX],ESI
   264 000002DD 74 DB                           	JE	L56
   265 000002DF 53                              	PUSH	EBX
   266 000002E0 E8 FFFFFD61                     	CALL	_task_remove
   267 000002E5 58                              	POP	EAX
   268 000002E6 EB D2                           	JMP	L56
   269 000002E8                                 L58:
   270 000002E8 8B 73 08                        	MOV	ESI,DWORD [8+EBX]
   271 000002EB EB C0                           	JMP	L54
   272 000002ED                                 	GLOBAL	_task_sleep
   273 000002ED                                 _task_sleep:
   274 000002ED 55                              	PUSH	EBP
   275 000002EE 89 E5                           	MOV	EBP,ESP
   276 000002F0 56                              	PUSH	ESI
   277 000002F1 53                              	PUSH	EBX
   278 000002F2 8B 75 08                        	MOV	ESI,DWORD [8+EBP]
   279 000002F5 83 7E 04 02                     	CMP	DWORD [4+ESI],2
   280 000002F9 74 07                           	JE	L63
   281 000002FB                                 L60:
   282 000002FB 8D 65 F8                        	LEA	ESP,DWORD [-8+EBP]
   283 000002FE 5B                              	POP	EBX
   284 000002FF 5E                              	POP	ESI
   285 00000300 5D                              	POP	EBP
   286 00000301 C3                              	RET
   287 00000302                                 L63:
   288 00000302 E8 FFFFFCF9                     	CALL	_task_now
   289 00000307 56                              	PUSH	ESI
   290 00000308 89 C3                           	MOV	EBX,EAX
   291 0000030A E8 FFFFFD37                     	CALL	_task_remove
   292 0000030F 59                              	POP	ECX
   293 00000310 39 DE                           	CMP	ESI,EBX
   294 00000312 75 E7                           	JNE	L60
   295 00000314 E8 FFFFFD90                     	CALL	_task_switchsub
   296 00000319 E8 FFFFFCE2                     	CALL	_task_now
   297 0000031E FF 30                           	PUSH	DWORD [EAX]
   298 00000320 6A 00                           	PUSH	0
   299 00000322 E8 [00000000]                   	CALL	_farjmp
   300 00000327 58                              	POP	EAX
   301 00000328 5A                              	POP	EDX
   302 00000329 EB D0                           	JMP	L60
   303 0000032B                                 	GLOBAL	_task_switch
   304 0000032B                                 _task_switch:
   305 0000032B 55                              	PUSH	EBP
   306 0000032C 89 E5                           	MOV	EBP,ESP
   307 0000032E 56                              	PUSH	ESI
   308 0000032F 53                              	PUSH	EBX
   309 00000330 8B 1D [00000004]                	MOV	EBX,DWORD [_taskctl]
   310 00000336 8B 13                           	MOV	EDX,DWORD [EBX]
   311 00000338 69 D2 00000198                  	IMUL	EDX,EDX,408
   312 0000033E 8D 14 1A                        	LEA	EDX,DWORD [EDX+EBX*1]
   313 00000341 8D 4A 08                        	LEA	ECX,DWORD [8+EDX]
   314 00000344 8B 41 04                        	MOV	EAX,DWORD [4+ECX]
   315 00000347 8B 74 81 08                     	MOV	ESI,DWORD [8+ECX+EAX*4]
   316 0000034B 40                              	INC	EAX
   317 0000034C 89 41 04                        	MOV	DWORD [4+ECX],EAX
   318 0000034F 3B 42 08                        	CMP	EAX,DWORD [8+EDX]
   319 00000352 74 4C                           	JE	L68
   320 00000354                                 L65:
   321 00000354 80 7B 04 00                     	CMP	BYTE [4+EBX],0
   322 00000358 75 2D                           	JNE	L69
   323 0000035A                                 L66:
   324 0000035A 8B 41 04                        	MOV	EAX,DWORD [4+ECX]
   325 0000035D 8B 5C 81 08                     	MOV	EBX,DWORD [8+ECX+EAX*4]
   326 00000361 FF 73 0C                        	PUSH	DWORD [12+EBX]
   327 00000364 FF 35 [00000000]                	PUSH	DWORD [_task_timer]
   328 0000036A E8 [00000000]                   	CALL	_timer_settime
   329 0000036F 39 F3                           	CMP	EBX,ESI
   330 00000371 58                              	POP	EAX
   331 00000372 5A                              	POP	EDX
   332 00000373 74 0B                           	JE	L64
   333 00000375 FF 33                           	PUSH	DWORD [EBX]
   334 00000377 6A 00                           	PUSH	0
   335 00000379 E8 [00000000]                   	CALL	_farjmp
   336 0000037E 5B                              	POP	EBX
   337 0000037F 5E                              	POP	ESI
   338 00000380                                 L64:
   339 00000380 8D 65 F8                        	LEA	ESP,DWORD [-8+EBP]
   340 00000383 5B                              	POP	EBX
   341 00000384 5E                              	POP	ESI
   342 00000385 5D                              	POP	EBP
   343 00000386 C3                              	RET
   344 00000387                                 L69:
   345 00000387 E8 FFFFFD1D                     	CALL	_task_switchsub
   346 0000038C 8B 15 [00000004]                	MOV	EDX,DWORD [_taskctl]
   347 00000392 8B 02                           	MOV	EAX,DWORD [EDX]
   348 00000394 69 C0 00000198                  	IMUL	EAX,EAX,408
   349 0000039A 8D 4C 10 08                     	LEA	ECX,DWORD [8+EAX+EDX*1]
   350 0000039E EB BA                           	JMP	L66
   351 000003A0                                 L68:
   352 000003A0 C7 41 04 00000000               	MOV	DWORD [4+ECX],0
   353 000003A7 EB AB                           	JMP	L65
   354 000003A9                                 	GLOBAL	_task_idle
   355 000003A9                                 _task_idle:
   356 000003A9 55                              	PUSH	EBP
   357 000003AA 89 E5                           	MOV	EBP,ESP
   358 000003AC                                 L71:
   359 000003AC E8 [00000000]                   	CALL	_io_hlt
   360 000003B1 EB F9                           	JMP	L71
   361 000003B3                                 	GLOBAL	_task_timer
   362                                          [SECTION .data]
   363 00000000                                 	ALIGNB	4
   364 00000000                                 _task_timer:
   365 00000000 00 00 00 00                     	RESB	4
   366 00000004                                 	GLOBAL	_taskctl
   367                                          [SECTION .data]
   368 00000004                                 	ALIGNB	4
   369 00000004                                 _taskctl:
   370 00000004 00 00 00 00                     	RESB	4
