     1 00000000                                 [FORMAT "WCOFF"]
     2 00000000                                 [INSTRSET "i486p"]
     3 00000000                                 [OPTIMIZE 1]
     4 00000000                                 [OPTION 1]
     5 00000000                                 [BITS 32]
     6 00000000                                 	EXTERN	_task_run
     7 00000000                                 [FILE "FIFO.c"]
     8                                          [SECTION .text]
     9 00000000                                 	GLOBAL	_fifo8_init
    10 00000000                                 _fifo8_init:
    11 00000000 55                              	PUSH	EBP
    12 00000001 89 E5                           	MOV	EBP,ESP
    13 00000003 8B 45 08                        	MOV	EAX,DWORD [8+EBP]
    14 00000006 8B 4D 0C                        	MOV	ECX,DWORD [12+EBP]
    15 00000009 8B 55 10                        	MOV	EDX,DWORD [16+EBP]
    16 0000000C 89 48 0C                        	MOV	DWORD [12+EAX],ECX
    17 0000000F 89 10                           	MOV	DWORD [EAX],EDX
    18 00000011 89 48 10                        	MOV	DWORD [16+EAX],ECX
    19 00000014 C7 40 14 00000000               	MOV	DWORD [20+EAX],0
    20 0000001B C7 40 04 00000000               	MOV	DWORD [4+EAX],0
    21 00000022 C7 40 08 00000000               	MOV	DWORD [8+EAX],0
    22 00000029 5D                              	POP	EBP
    23 0000002A C3                              	RET
    24 0000002B                                 	GLOBAL	_fifo8_put
    25 0000002B                                 _fifo8_put:
    26 0000002B 55                              	PUSH	EBP
    27 0000002C 89 E5                           	MOV	EBP,ESP
    28 0000002E 53                              	PUSH	EBX
    29 0000002F 8B 4D 08                        	MOV	ECX,DWORD [8+EBP]
    30 00000032 8B 5D 0C                        	MOV	EBX,DWORD [12+EBP]
    31 00000035 83 79 10 00                     	CMP	DWORD [16+ECX],0
    32 00000039 75 0A                           	JNE	L3
    33 0000003B 83 49 14 01                     	OR	DWORD [20+ECX],1
    34 0000003F 83 C8 FF                        	OR	EAX,-1
    35 00000042                                 L2:
    36 00000042 5B                              	POP	EBX
    37 00000043 5D                              	POP	EBP
    38 00000044 C3                              	RET
    39 00000045                                 L3:
    40 00000045 8B 01                           	MOV	EAX,DWORD [ECX]
    41 00000047 8B 51 04                        	MOV	EDX,DWORD [4+ECX]
    42 0000004A 88 1C 02                        	MOV	BYTE [EDX+EAX*1],BL
    43 0000004D 8B 41 04                        	MOV	EAX,DWORD [4+ECX]
    44 00000050 40                              	INC	EAX
    45 00000051 89 41 04                        	MOV	DWORD [4+ECX],EAX
    46 00000054 3B 41 0C                        	CMP	EAX,DWORD [12+ECX]
    47 00000057 74 07                           	JE	L5
    48 00000059                                 L4:
    49 00000059 FF 49 10                        	DEC	DWORD [16+ECX]
    50 0000005C 31 C0                           	XOR	EAX,EAX
    51 0000005E EB E2                           	JMP	L2
    52 00000060                                 L5:
    53 00000060 C7 41 04 00000000               	MOV	DWORD [4+ECX],0
    54 00000067 EB F0                           	JMP	L4
    55 00000069                                 	GLOBAL	_fifo8_get
    56 00000069                                 _fifo8_get:
    57 00000069 55                              	PUSH	EBP
    58 0000006A 83 C8 FF                        	OR	EAX,-1
    59 0000006D 89 E5                           	MOV	EBP,ESP
    60 0000006F 56                              	PUSH	ESI
    61 00000070 53                              	PUSH	EBX
    62 00000071 8B 4D 08                        	MOV	ECX,DWORD [8+EBP]
    63 00000074 8B 71 10                        	MOV	ESI,DWORD [16+ECX]
    64 00000077 8B 59 0C                        	MOV	EBX,DWORD [12+ECX]
    65 0000007A 39 DE                           	CMP	ESI,EBX
    66 0000007C 74 19                           	JE	L6
    67 0000007E 8B 41 08                        	MOV	EAX,DWORD [8+ECX]
    68 00000081 8B 11                           	MOV	EDX,DWORD [ECX]
    69 00000083 0F B6 14 10                     	MOVZX	EDX,BYTE [EAX+EDX*1]
    70 00000087 40                              	INC	EAX
    71 00000088 89 41 08                        	MOV	DWORD [8+ECX],EAX
    72 0000008B 39 D8                           	CMP	EAX,EBX
    73 0000008D 74 0C                           	JE	L9
    74 0000008F                                 L8:
    75 0000008F 8D 46 01                        	LEA	EAX,DWORD [1+ESI]
    76 00000092 89 41 10                        	MOV	DWORD [16+ECX],EAX
    77 00000095 89 D0                           	MOV	EAX,EDX
    78 00000097                                 L6:
    79 00000097 5B                              	POP	EBX
    80 00000098 5E                              	POP	ESI
    81 00000099 5D                              	POP	EBP
    82 0000009A C3                              	RET
    83 0000009B                                 L9:
    84 0000009B C7 41 08 00000000               	MOV	DWORD [8+ECX],0
    85 000000A2 EB EB                           	JMP	L8
    86 000000A4                                 	GLOBAL	_fifo8_status
    87 000000A4                                 _fifo8_status:
    88 000000A4 55                              	PUSH	EBP
    89 000000A5 89 E5                           	MOV	EBP,ESP
    90 000000A7 8B 55 08                        	MOV	EDX,DWORD [8+EBP]
    91 000000AA 5D                              	POP	EBP
    92 000000AB 8B 42 0C                        	MOV	EAX,DWORD [12+EDX]
    93 000000AE 2B 42 10                        	SUB	EAX,DWORD [16+EDX]
    94 000000B1 C3                              	RET
    95 000000B2                                 	GLOBAL	_fifo32_init
    96 000000B2                                 _fifo32_init:
    97 000000B2 55                              	PUSH	EBP
    98 000000B3 89 E5                           	MOV	EBP,ESP
    99 000000B5 8B 45 08                        	MOV	EAX,DWORD [8+EBP]
   100 000000B8 8B 55 10                        	MOV	EDX,DWORD [16+EBP]
   101 000000BB 8B 4D 0C                        	MOV	ECX,DWORD [12+EBP]
   102 000000BE 89 10                           	MOV	DWORD [EAX],EDX
   103 000000C0 89 48 0C                        	MOV	DWORD [12+EAX],ECX
   104 000000C3 8B 55 14                        	MOV	EDX,DWORD [20+EBP]
   105 000000C6 89 48 10                        	MOV	DWORD [16+EAX],ECX
   106 000000C9 C7 40 14 00000000               	MOV	DWORD [20+EAX],0
   107 000000D0 C7 40 04 00000000               	MOV	DWORD [4+EAX],0
   108 000000D7 C7 40 08 00000000               	MOV	DWORD [8+EAX],0
   109 000000DE 89 50 18                        	MOV	DWORD [24+EAX],EDX
   110 000000E1 5D                              	POP	EBP
   111 000000E2 C3                              	RET
   112 000000E3                                 	GLOBAL	_fifo32_put
   113 000000E3                                 _fifo32_put:
   114 000000E3 55                              	PUSH	EBP
   115 000000E4 89 E5                           	MOV	EBP,ESP
   116 000000E6 53                              	PUSH	EBX
   117 000000E7 8B 5D 08                        	MOV	EBX,DWORD [8+EBP]
   118 000000EA 83 7B 10 00                     	CMP	DWORD [16+EBX],0
   119 000000EE 75 0C                           	JNE	L13
   120 000000F0 83 4B 14 01                     	OR	DWORD [20+EBX],1
   121 000000F4 83 C8 FF                        	OR	EAX,-1
   122 000000F7                                 L12:
   123 000000F7 8B 5D FC                        	MOV	EBX,DWORD [-4+EBP]
   124 000000FA C9                              	LEAVE
   125 000000FB C3                              	RET
   126 000000FC                                 L13:
   127 000000FC 8B 4B 04                        	MOV	ECX,DWORD [4+EBX]
   128 000000FF 8B 13                           	MOV	EDX,DWORD [EBX]
   129 00000101 8B 45 0C                        	MOV	EAX,DWORD [12+EBP]
   130 00000104 89 04 8A                        	MOV	DWORD [EDX+ECX*4],EAX
   131 00000107 8B 43 04                        	MOV	EAX,DWORD [4+EBX]
   132 0000010A 40                              	INC	EAX
   133 0000010B 89 43 04                        	MOV	DWORD [4+EBX],EAX
   134 0000010E 3B 43 0C                        	CMP	EAX,DWORD [12+EBX]
   135 00000111 74 21                           	JE	L17
   136 00000113                                 L14:
   137 00000113 8B 43 18                        	MOV	EAX,DWORD [24+EBX]
   138 00000116 FF 4B 10                        	DEC	DWORD [16+EBX]
   139 00000119 85 C0                           	TEST	EAX,EAX
   140 0000011B 74 13                           	JE	L15
   141 0000011D 83 78 04 02                     	CMP	DWORD [4+EAX],2
   142 00000121 74 0D                           	JE	L15
   143 00000123 6A 00                           	PUSH	0
   144 00000125 6A FF                           	PUSH	-1
   145 00000127 50                              	PUSH	EAX
   146 00000128 E8 [00000000]                   	CALL	_task_run
   147 0000012D 83 C4 0C                        	ADD	ESP,12
   148 00000130                                 L15:
   149 00000130 31 C0                           	XOR	EAX,EAX
   150 00000132 EB C3                           	JMP	L12
   151 00000134                                 L17:
   152 00000134 C7 43 04 00000000               	MOV	DWORD [4+EBX],0
   153 0000013B EB D6                           	JMP	L14
   154 0000013D                                 	GLOBAL	_fifo32_get
   155 0000013D                                 _fifo32_get:
   156 0000013D 55                              	PUSH	EBP
   157 0000013E 83 C8 FF                        	OR	EAX,-1
   158 00000141 89 E5                           	MOV	EBP,ESP
   159 00000143 56                              	PUSH	ESI
   160 00000144 53                              	PUSH	EBX
   161 00000145 8B 4D 08                        	MOV	ECX,DWORD [8+EBP]
   162 00000148 8B 71 10                        	MOV	ESI,DWORD [16+ECX]
   163 0000014B 8B 59 0C                        	MOV	EBX,DWORD [12+ECX]
   164 0000014E 39 DE                           	CMP	ESI,EBX
   165 00000150 74 18                           	JE	L18
   166 00000152 8B 41 08                        	MOV	EAX,DWORD [8+ECX]
   167 00000155 8B 11                           	MOV	EDX,DWORD [ECX]
   168 00000157 8B 14 82                        	MOV	EDX,DWORD [EDX+EAX*4]
   169 0000015A 40                              	INC	EAX
   170 0000015B 89 41 08                        	MOV	DWORD [8+ECX],EAX
   171 0000015E 39 D8                           	CMP	EAX,EBX
   172 00000160 74 0C                           	JE	L21
   173 00000162                                 L20:
   174 00000162 8D 46 01                        	LEA	EAX,DWORD [1+ESI]
   175 00000165 89 41 10                        	MOV	DWORD [16+ECX],EAX
   176 00000168 89 D0                           	MOV	EAX,EDX
   177 0000016A                                 L18:
   178 0000016A 5B                              	POP	EBX
   179 0000016B 5E                              	POP	ESI
   180 0000016C 5D                              	POP	EBP
   181 0000016D C3                              	RET
   182 0000016E                                 L21:
   183 0000016E C7 41 08 00000000               	MOV	DWORD [8+ECX],0
   184 00000175 EB EB                           	JMP	L20
   185 00000177                                 	GLOBAL	_fifo32_status
   186 00000177                                 _fifo32_status:
   187 00000177 55                              	PUSH	EBP
   188 00000178 89 E5                           	MOV	EBP,ESP
   189 0000017A 8B 55 08                        	MOV	EDX,DWORD [8+EBP]
   190 0000017D 5D                              	POP	EBP
   191 0000017E 8B 42 0C                        	MOV	EAX,DWORD [12+EDX]
   192 00000181 2B 42 10                        	SUB	EAX,DWORD [16+EDX]
   193 00000184 C3                              	RET
