     1 00000000                                 [FORMAT "WCOFF"]
     2 00000000                                 [INSTRSET "i486p"]
     3 00000000                                 [OPTIMIZE 1]
     4 00000000                                 [OPTION 1]
     5 00000000                                 [BITS 32]
     6 00000000                                 	EXTERN	_io_load_eflags
     7 00000000                                 	EXTERN	_io_cli
     8 00000000                                 	EXTERN	_io_out8
     9 00000000                                 	EXTERN	_io_store_eflags
    10 00000000                                 	EXTERN	_hankaku
    11 00000000                                 	EXTERN	_sheet_refresh
    12 00000000                                 [FILE "graphic.c"]
    13                                          [SECTION .text]
    14 00000000                                 	GLOBAL	_init_screen
    15 00000000                                 _init_screen:
    16 00000000 55                              	PUSH	EBP
    17 00000001 89 E5                           	MOV	EBP,ESP
    18 00000003 57                              	PUSH	EDI
    19 00000004 56                              	PUSH	ESI
    20 00000005 53                              	PUSH	EBX
    21 00000006 83 EC 0C                        	SUB	ESP,12
    22 00000009 8B 45 10                        	MOV	EAX,DWORD [16+EBP]
    23 0000000C 8B 7D 0C                        	MOV	EDI,DWORD [12+EBP]
    24 0000000F 83 E8 1D                        	SUB	EAX,29
    25 00000012 4F                              	DEC	EDI
    26 00000013 50                              	PUSH	EAX
    27 00000014 57                              	PUSH	EDI
    28 00000015 6A 00                           	PUSH	0
    29 00000017 6A 00                           	PUSH	0
    30 00000019 6A 01                           	PUSH	1
    31 0000001B FF 75 0C                        	PUSH	DWORD [12+EBP]
    32 0000001E FF 75 08                        	PUSH	DWORD [8+EBP]
    33 00000021 E8 00000200                     	CALL	_boxfill8
    34 00000026 8B 45 10                        	MOV	EAX,DWORD [16+EBP]
    35 00000029 83 E8 1C                        	SUB	EAX,28
    36 0000002C 50                              	PUSH	EAX
    37 0000002D 57                              	PUSH	EDI
    38 0000002E 50                              	PUSH	EAX
    39 0000002F 6A 00                           	PUSH	0
    40 00000031 6A 08                           	PUSH	8
    41 00000033 FF 75 0C                        	PUSH	DWORD [12+EBP]
    42 00000036 FF 75 08                        	PUSH	DWORD [8+EBP]
    43 00000039 E8 000001E8                     	CALL	_boxfill8
    44 0000003E 8B 45 10                        	MOV	EAX,DWORD [16+EBP]
    45 00000041 83 C4 38                        	ADD	ESP,56
    46 00000044 83 E8 1B                        	SUB	EAX,27
    47 00000047 50                              	PUSH	EAX
    48 00000048 57                              	PUSH	EDI
    49 00000049 50                              	PUSH	EAX
    50 0000004A 6A 00                           	PUSH	0
    51 0000004C 6A 0E                           	PUSH	14
    52 0000004E FF 75 0C                        	PUSH	DWORD [12+EBP]
    53 00000051 FF 75 08                        	PUSH	DWORD [8+EBP]
    54 00000054 E8 000001CD                     	CALL	_boxfill8
    55 00000059 8B 45 10                        	MOV	EAX,DWORD [16+EBP]
    56 0000005C 48                              	DEC	EAX
    57 0000005D 50                              	PUSH	EAX
    58 0000005E 8B 45 10                        	MOV	EAX,DWORD [16+EBP]
    59 00000061 57                              	PUSH	EDI
    60 00000062 83 E8 1A                        	SUB	EAX,26
    61 00000065 50                              	PUSH	EAX
    62 00000066 6A 00                           	PUSH	0
    63 00000068 6A 08                           	PUSH	8
    64 0000006A FF 75 0C                        	PUSH	DWORD [12+EBP]
    65 0000006D FF 75 08                        	PUSH	DWORD [8+EBP]
    66 00000070 E8 000001B1                     	CALL	_boxfill8
    67 00000075 8B 75 10                        	MOV	ESI,DWORD [16+EBP]
    68 00000078 83 C4 38                        	ADD	ESP,56
    69 0000007B 83 EE 18                        	SUB	ESI,24
    70 0000007E 56                              	PUSH	ESI
    71 0000007F 6A 3B                           	PUSH	59
    72 00000081 56                              	PUSH	ESI
    73 00000082 6A 03                           	PUSH	3
    74 00000084 6A 0E                           	PUSH	14
    75 00000086 FF 75 0C                        	PUSH	DWORD [12+EBP]
    76 00000089 FF 75 08                        	PUSH	DWORD [8+EBP]
    77 0000008C E8 00000195                     	CALL	_boxfill8
    78 00000091 8B 45 10                        	MOV	EAX,DWORD [16+EBP]
    79 00000094 83 E8 04                        	SUB	EAX,4
    80 00000097 50                              	PUSH	EAX
    81 00000098 89 45 F0                        	MOV	DWORD [-16+EBP],EAX
    82 0000009B 6A 02                           	PUSH	2
    83 0000009D 56                              	PUSH	ESI
    84 0000009E 6A 02                           	PUSH	2
    85 000000A0 6A 0E                           	PUSH	14
    86 000000A2 FF 75 0C                        	PUSH	DWORD [12+EBP]
    87 000000A5 FF 75 08                        	PUSH	DWORD [8+EBP]
    88 000000A8 E8 00000179                     	CALL	_boxfill8
    89 000000AD 83 C4 38                        	ADD	ESP,56
    90 000000B0 FF 75 F0                        	PUSH	DWORD [-16+EBP]
    91 000000B3 6A 3B                           	PUSH	59
    92 000000B5 FF 75 F0                        	PUSH	DWORD [-16+EBP]
    93 000000B8 6A 03                           	PUSH	3
    94 000000BA 6A 10                           	PUSH	16
    95 000000BC FF 75 0C                        	PUSH	DWORD [12+EBP]
    96 000000BF FF 75 08                        	PUSH	DWORD [8+EBP]
    97 000000C2 E8 0000015F                     	CALL	_boxfill8
    98 000000C7 8B 45 10                        	MOV	EAX,DWORD [16+EBP]
    99 000000CA 83 E8 05                        	SUB	EAX,5
   100 000000CD 50                              	PUSH	EAX
   101 000000CE 8B 45 10                        	MOV	EAX,DWORD [16+EBP]
   102 000000D1 6A 3B                           	PUSH	59
   103 000000D3 83 E8 17                        	SUB	EAX,23
   104 000000D6 50                              	PUSH	EAX
   105 000000D7 89 45 EC                        	MOV	DWORD [-20+EBP],EAX
   106 000000DA 6A 3B                           	PUSH	59
   107 000000DC 6A 10                           	PUSH	16
   108 000000DE FF 75 0C                        	PUSH	DWORD [12+EBP]
   109 000000E1 FF 75 08                        	PUSH	DWORD [8+EBP]
   110 000000E4 E8 0000013D                     	CALL	_boxfill8
   111 000000E9 8B 45 10                        	MOV	EAX,DWORD [16+EBP]
   112 000000EC 83 C4 38                        	ADD	ESP,56
   113 000000EF 83 E8 03                        	SUB	EAX,3
   114 000000F2 89 45 E8                        	MOV	DWORD [-24+EBP],EAX
   115 000000F5 50                              	PUSH	EAX
   116 000000F6 6A 3B                           	PUSH	59
   117 000000F8 50                              	PUSH	EAX
   118 000000F9 6A 02                           	PUSH	2
   119 000000FB 6A 07                           	PUSH	7
   120 000000FD FF 75 0C                        	PUSH	DWORD [12+EBP]
   121 00000100 FF 75 08                        	PUSH	DWORD [8+EBP]
   122 00000103 E8 0000011E                     	CALL	_boxfill8
   123 00000108 FF 75 E8                        	PUSH	DWORD [-24+EBP]
   124 0000010B 6A 3C                           	PUSH	60
   125 0000010D 56                              	PUSH	ESI
   126 0000010E 6A 3C                           	PUSH	60
   127 00000110 6A 07                           	PUSH	7
   128 00000112 FF 75 0C                        	PUSH	DWORD [12+EBP]
   129 00000115 FF 75 08                        	PUSH	DWORD [8+EBP]
   130 00000118 E8 00000109                     	CALL	_boxfill8
   131 0000011D 8B 7D 0C                        	MOV	EDI,DWORD [12+EBP]
   132 00000120 83 C4 38                        	ADD	ESP,56
   133 00000123 8B 5D 0C                        	MOV	EBX,DWORD [12+EBP]
   134 00000126 83 EB 04                        	SUB	EBX,4
   135 00000129 83 EF 2F                        	SUB	EDI,47
   136 0000012C 56                              	PUSH	ESI
   137 0000012D 53                              	PUSH	EBX
   138 0000012E 56                              	PUSH	ESI
   139 0000012F 57                              	PUSH	EDI
   140 00000130 6A 10                           	PUSH	16
   141 00000132 FF 75 0C                        	PUSH	DWORD [12+EBP]
   142 00000135 FF 75 08                        	PUSH	DWORD [8+EBP]
   143 00000138 E8 000000E9                     	CALL	_boxfill8
   144 0000013D FF 75 F0                        	PUSH	DWORD [-16+EBP]
   145 00000140 57                              	PUSH	EDI
   146 00000141 FF 75 EC                        	PUSH	DWORD [-20+EBP]
   147 00000144 57                              	PUSH	EDI
   148 00000145 6A 10                           	PUSH	16
   149 00000147 FF 75 0C                        	PUSH	DWORD [12+EBP]
   150 0000014A FF 75 08                        	PUSH	DWORD [8+EBP]
   151 0000014D E8 000000D4                     	CALL	_boxfill8
   152 00000152 83 C4 38                        	ADD	ESP,56
   153 00000155 FF 75 E8                        	PUSH	DWORD [-24+EBP]
   154 00000158 53                              	PUSH	EBX
   155 00000159 FF 75 E8                        	PUSH	DWORD [-24+EBP]
   156 0000015C 57                              	PUSH	EDI
   157 0000015D 6A 0E                           	PUSH	14
   158 0000015F FF 75 0C                        	PUSH	DWORD [12+EBP]
   159 00000162 FF 75 08                        	PUSH	DWORD [8+EBP]
   160 00000165 E8 000000BC                     	CALL	_boxfill8
   161 0000016A 8B 45 0C                        	MOV	EAX,DWORD [12+EBP]
   162 0000016D FF 75 E8                        	PUSH	DWORD [-24+EBP]
   163 00000170 83 E8 03                        	SUB	EAX,3
   164 00000173 50                              	PUSH	EAX
   165 00000174 56                              	PUSH	ESI
   166 00000175 50                              	PUSH	EAX
   167 00000176 6A 0E                           	PUSH	14
   168 00000178 FF 75 0C                        	PUSH	DWORD [12+EBP]
   169 0000017B FF 75 08                        	PUSH	DWORD [8+EBP]
   170 0000017E E8 000000A3                     	CALL	_boxfill8
   171 00000183 8D 65 F4                        	LEA	ESP,DWORD [-12+EBP]
   172 00000186 5B                              	POP	EBX
   173 00000187 5E                              	POP	ESI
   174 00000188 5F                              	POP	EDI
   175 00000189 5D                              	POP	EBP
   176 0000018A C3                              	RET
   177                                          [SECTION .data]
   178 00000000                                 _table_rgb.0:
   179 00000000 FA                              	DB	-6
   180 00000001 FA                              	DB	-6
   181 00000002 FA                              	DB	-6
   182 00000003 7C                              	DB	124
   183 00000004 7C                              	DB	124
   184 00000005 7C                              	DB	124
   185 00000006 C4                              	DB	-60
   186 00000007 C4                              	DB	-60
   187 00000008 C4                              	DB	-60
   188 00000009 CD                              	DB	-51
   189 0000000A 29                              	DB	41
   190 0000000B 32                              	DB	50
   191 0000000C FE                              	DB	-2
   192 0000000D BE                              	DB	-66
   193 0000000E 50                              	DB	80
   194 0000000F FF                              	DB	-1
   195 00000010 00                              	DB	0
   196 00000011 FF                              	DB	-1
   197 00000012 5A                              	DB	90
   198 00000013 A6                              	DB	-90
   199 00000014 D9                              	DB	-39
   200 00000015 00                              	DB	0
   201 00000016 00                              	DB	0
   202 00000017 00                              	DB	0
   203 00000018 C6                              	DB	-58
   204 00000019 C6                              	DB	-58
   205 0000001A C6                              	DB	-58
   206 0000001B 84                              	DB	-124
   207 0000001C 00                              	DB	0
   208 0000001D 00                              	DB	0
   209 0000001E 00                              	DB	0
   210 0000001F 84                              	DB	-124
   211 00000020 00                              	DB	0
   212 00000021 84                              	DB	-124
   213 00000022 84                              	DB	-124
   214 00000023 00                              	DB	0
   215 00000024 00                              	DB	0
   216 00000025 00                              	DB	0
   217 00000026 84                              	DB	-124
   218 00000027 84                              	DB	-124
   219 00000028 00                              	DB	0
   220 00000029 84                              	DB	-124
   221 0000002A FF                              	DB	-1
   222 0000002B FF                              	DB	-1
   223 0000002C FF                              	DB	-1
   224 0000002D FE                              	DB	-2
   225 0000002E FE                              	DB	-2
   226 0000002F FE                              	DB	-2
   227 00000030 84                              	DB	-124
   228 00000031 84                              	DB	-124
   229 00000032 84                              	DB	-124
   230 00000033 00                              	DB	0
   231 00000034 84                              	DB	-124
   232 00000035 84                              	DB	-124
   233 00000036 45                              	DB	69
   234 00000037 44                              	DB	68
   235 00000038 3F                              	DB	63
   236 00000039 30                              	DB	48
   237 0000003A 09                              	DB	9
   238 0000003B 24                              	DB	36
   239 0000003C 00 00 00 00 00 00 00 00 00 00   	RESB	36
       00000046 00 00 00 00 00 00 00 00 00 00 
       00000050 00 00 00 00 00 00 00 00 00 00 
       0000005A 00 00 00 00 00 00 
   240                                          [SECTION .text]
   241 0000018B                                 	GLOBAL	_init_palette
   242 0000018B                                 _init_palette:
   243 0000018B 55                              	PUSH	EBP
   244 0000018C 89 E5                           	MOV	EBP,ESP
   245 0000018E 68 [00000000]                   	PUSH	_table_rgb.0
   246 00000193 6A 20                           	PUSH	32
   247 00000195 6A 00                           	PUSH	0
   248 00000197 E8 00000002                     	CALL	_set_palette
   249 0000019C C9                              	LEAVE
   250 0000019D C3                              	RET
   251 0000019E                                 	GLOBAL	_set_palette
   252 0000019E                                 _set_palette:
   253 0000019E 55                              	PUSH	EBP
   254 0000019F 89 E5                           	MOV	EBP,ESP
   255 000001A1 57                              	PUSH	EDI
   256 000001A2 56                              	PUSH	ESI
   257 000001A3 53                              	PUSH	EBX
   258 000001A4 51                              	PUSH	ECX
   259 000001A5 8B 5D 08                        	MOV	EBX,DWORD [8+EBP]
   260 000001A8 8B 7D 0C                        	MOV	EDI,DWORD [12+EBP]
   261 000001AB 8B 75 10                        	MOV	ESI,DWORD [16+EBP]
   262 000001AE E8 [00000000]                   	CALL	_io_load_eflags
   263 000001B3 89 45 F0                        	MOV	DWORD [-16+EBP],EAX
   264 000001B6 E8 [00000000]                   	CALL	_io_cli
   265 000001BB 53                              	PUSH	EBX
   266 000001BC 68 000003C8                     	PUSH	968
   267 000001C1 E8 [00000000]                   	CALL	_io_out8
   268 000001C6 39 FB                           	CMP	EBX,EDI
   269 000001C8 58                              	POP	EAX
   270 000001C9 5A                              	POP	EDX
   271 000001CA 7E 12                           	JLE	L8
   272 000001CC                                 L10:
   273 000001CC 8B 45 F0                        	MOV	EAX,DWORD [-16+EBP]
   274 000001CF 89 45 08                        	MOV	DWORD [8+EBP],EAX
   275 000001D2 8D 65 F4                        	LEA	ESP,DWORD [-12+EBP]
   276 000001D5 5B                              	POP	EBX
   277 000001D6 5E                              	POP	ESI
   278 000001D7 5F                              	POP	EDI
   279 000001D8 5D                              	POP	EBP
   280 000001D9 E9 [00000000]                   	JMP	_io_store_eflags
   281 000001DE                                 L8:
   282 000001DE 8A 06                           	MOV	AL,BYTE [ESI]
   283 000001E0 43                              	INC	EBX
   284 000001E1 C0 E8 02                        	SHR	AL,2
   285 000001E4 0F B6 C0                        	MOVZX	EAX,AL
   286 000001E7 50                              	PUSH	EAX
   287 000001E8 68 000003C9                     	PUSH	969
   288 000001ED E8 [00000000]                   	CALL	_io_out8
   289 000001F2 8A 46 01                        	MOV	AL,BYTE [1+ESI]
   290 000001F5 C0 E8 02                        	SHR	AL,2
   291 000001F8 0F B6 C0                        	MOVZX	EAX,AL
   292 000001FB 50                              	PUSH	EAX
   293 000001FC 68 000003C9                     	PUSH	969
   294 00000201 E8 [00000000]                   	CALL	_io_out8
   295 00000206 8A 46 02                        	MOV	AL,BYTE [2+ESI]
   296 00000209 C0 E8 02                        	SHR	AL,2
   297 0000020C 83 C6 03                        	ADD	ESI,3
   298 0000020F 0F B6 C0                        	MOVZX	EAX,AL
   299 00000212 50                              	PUSH	EAX
   300 00000213 68 000003C9                     	PUSH	969
   301 00000218 E8 [00000000]                   	CALL	_io_out8
   302 0000021D 83 C4 18                        	ADD	ESP,24
   303 00000220 39 FB                           	CMP	EBX,EDI
   304 00000222 7E BA                           	JLE	L8
   305 00000224 EB A6                           	JMP	L10
   306 00000226                                 	GLOBAL	_boxfill8
   307 00000226                                 _boxfill8:
   308 00000226 55                              	PUSH	EBP
   309 00000227 89 E5                           	MOV	EBP,ESP
   310 00000229 57                              	PUSH	EDI
   311 0000022A 56                              	PUSH	ESI
   312 0000022B 53                              	PUSH	EBX
   313 0000022C 57                              	PUSH	EDI
   314 0000022D 57                              	PUSH	EDI
   315 0000022E 8A 45 10                        	MOV	AL,BYTE [16+EBP]
   316 00000231 8B 4D 18                        	MOV	ECX,DWORD [24+EBP]
   317 00000234 8B 7D 1C                        	MOV	EDI,DWORD [28+EBP]
   318 00000237 88 45 F3                        	MOV	BYTE [-13+EBP],AL
   319 0000023A 3B 4D 20                        	CMP	ECX,DWORD [32+EBP]
   320 0000023D 7F 31                           	JG	L23
   321 0000023F 8B 5D 0C                        	MOV	EBX,DWORD [12+EBP]
   322 00000242 0F AF D9                        	IMUL	EBX,ECX
   323 00000245                                 L21:
   324 00000245 8B 55 14                        	MOV	EDX,DWORD [20+EBP]
   325 00000248 39 FA                           	CMP	EDX,EDI
   326 0000024A 7F 1B                           	JG	L25
   327 0000024C 8B 75 08                        	MOV	ESI,DWORD [8+EBP]
   328 0000024F 01 DE                           	ADD	ESI,EBX
   329 00000251 01 D6                           	ADD	ESI,EDX
   330 00000253 89 75 EC                        	MOV	DWORD [-20+EBP],ESI
   331 00000256                                 L20:
   332 00000256 8B 75 EC                        	MOV	ESI,DWORD [-20+EBP]
   333 00000259 8A 45 F3                        	MOV	AL,BYTE [-13+EBP]
   334 0000025C 42                              	INC	EDX
   335 0000025D 88 06                           	MOV	BYTE [ESI],AL
   336 0000025F 46                              	INC	ESI
   337 00000260 89 75 EC                        	MOV	DWORD [-20+EBP],ESI
   338 00000263 39 FA                           	CMP	EDX,EDI
   339 00000265 7E EF                           	JLE	L20
   340 00000267                                 L25:
   341 00000267 41                              	INC	ECX
   342 00000268 03 5D 0C                        	ADD	EBX,DWORD [12+EBP]
   343 0000026B 3B 4D 20                        	CMP	ECX,DWORD [32+EBP]
   344 0000026E 7E D5                           	JLE	L21
   345 00000270                                 L23:
   346 00000270 5B                              	POP	EBX
   347 00000271 5E                              	POP	ESI
   348 00000272 5B                              	POP	EBX
   349 00000273 5E                              	POP	ESI
   350 00000274 5F                              	POP	EDI
   351 00000275 5D                              	POP	EBP
   352 00000276 C3                              	RET
   353 00000277                                 	GLOBAL	_boxfill_circle_forWindow
   354 00000277                                 _boxfill_circle_forWindow:
   355 00000277 55                              	PUSH	EBP
   356 00000278 89 E5                           	MOV	EBP,ESP
   357 0000027A 57                              	PUSH	EDI
   358 0000027B 56                              	PUSH	ESI
   359 0000027C 53                              	PUSH	EBX
   360 0000027D 83 EC 1C                        	SUB	ESP,28
   361 00000280 8B 45 08                        	MOV	EAX,DWORD [8+EBP]
   362 00000283 8B 7D 24                        	MOV	EDI,DWORD [36+EBP]
   363 00000286 89 45 F0                        	MOV	DWORD [-16+EBP],EAX
   364 00000289 8B 45 0C                        	MOV	EAX,DWORD [12+EBP]
   365 0000028C 89 45 EC                        	MOV	DWORD [-20+EBP],EAX
   366 0000028F 8B 45 14                        	MOV	EAX,DWORD [20+EBP]
   367 00000292 89 45 E4                        	MOV	DWORD [-28+EBP],EAX
   368 00000295 8B 45 18                        	MOV	EAX,DWORD [24+EBP]
   369 00000298 89 45 E0                        	MOV	DWORD [-32+EBP],EAX
   370 0000029B 8B 45 1C                        	MOV	EAX,DWORD [28+EBP]
   371 0000029E 89 45 DC                        	MOV	DWORD [-36+EBP],EAX
   372 000002A1 8B 45 20                        	MOV	EAX,DWORD [32+EBP]
   373 000002A4 89 45 D8                        	MOV	DWORD [-40+EBP],EAX
   374 000002A7 8A 45 10                        	MOV	AL,BYTE [16+EBP]
   375 000002AA 88 45 EB                        	MOV	BYTE [-21+EBP],AL
   376 000002AD 83 7D 28 00                     	CMP	DWORD [40+EBP],0
   377 000002B1 0F 85 0000008C                  	JNE	L27
   378 000002B7 57                              	PUSH	EDI
   379 000002B8 8B 75 E0                        	MOV	ESI,DWORD [-32+EBP]
   380 000002BB 01 FE                           	ADD	ESI,EDI
   381 000002BD 56                              	PUSH	ESI
   382 000002BE 8B 45 E4                        	MOV	EAX,DWORD [-28+EBP]
   383 000002C1 01 F8                           	ADD	EAX,EDI
   384 000002C3 50                              	PUSH	EAX
   385 000002C4 0F B6 5D EB                     	MOVZX	EBX,BYTE [-21+EBP]
   386 000002C8 53                              	PUSH	EBX
   387 000002C9 FF 75 EC                        	PUSH	DWORD [-20+EBP]
   388 000002CC FF 75 F0                        	PUSH	DWORD [-16+EBP]
   389 000002CF E8 0000022B                     	CALL	_Circlefill8
   390 000002D4 57                              	PUSH	EDI
   391 000002D5 56                              	PUSH	ESI
   392 000002D6 8B 45 DC                        	MOV	EAX,DWORD [-36+EBP]
   393 000002D9 29 F8                           	SUB	EAX,EDI
   394 000002DB 50                              	PUSH	EAX
   395 000002DC 53                              	PUSH	EBX
   396 000002DD FF 75 EC                        	PUSH	DWORD [-20+EBP]
   397 000002E0 FF 75 F0                        	PUSH	DWORD [-16+EBP]
   398 000002E3 E8 00000217                     	CALL	_Circlefill8
   399 000002E8                                 L29:
   400 000002E8 8B 75 E0                        	MOV	ESI,DWORD [-32+EBP]
   401 000002EB 83 C4 30                        	ADD	ESP,48
   402 000002EE 01 FE                           	ADD	ESI,EDI
   403 000002F0 56                              	PUSH	ESI
   404 000002F1 8B 45 DC                        	MOV	EAX,DWORD [-36+EBP]
   405 000002F4 29 F8                           	SUB	EAX,EDI
   406 000002F6 50                              	PUSH	EAX
   407 000002F7 FF 75 E0                        	PUSH	DWORD [-32+EBP]
   408 000002FA 8B 45 E4                        	MOV	EAX,DWORD [-28+EBP]
   409 000002FD 01 F8                           	ADD	EAX,EDI
   410 000002FF 50                              	PUSH	EAX
   411 00000300 0F B6 5D EB                     	MOVZX	EBX,BYTE [-21+EBP]
   412 00000304 53                              	PUSH	EBX
   413 00000305 FF 75 EC                        	PUSH	DWORD [-20+EBP]
   414 00000308 FF 75 F0                        	PUSH	DWORD [-16+EBP]
   415 0000030B E8 FFFFFF16                     	CALL	_boxfill8
   416 00000310 89 5D 10                        	MOV	DWORD [16+EBP],EBX
   417 00000313 8B 45 D8                        	MOV	EAX,DWORD [-40+EBP]
   418 00000316 89 75 18                        	MOV	DWORD [24+EBP],ESI
   419 00000319 89 45 20                        	MOV	DWORD [32+EBP],EAX
   420 0000031C 83 C4 1C                        	ADD	ESP,28
   421 0000031F 8B 45 DC                        	MOV	EAX,DWORD [-36+EBP]
   422 00000322 89 45 1C                        	MOV	DWORD [28+EBP],EAX
   423 00000325 8B 45 E4                        	MOV	EAX,DWORD [-28+EBP]
   424 00000328 89 45 14                        	MOV	DWORD [20+EBP],EAX
   425 0000032B 8B 45 EC                        	MOV	EAX,DWORD [-20+EBP]
   426 0000032E 89 45 0C                        	MOV	DWORD [12+EBP],EAX
   427 00000331 8B 45 F0                        	MOV	EAX,DWORD [-16+EBP]
   428 00000334 89 45 08                        	MOV	DWORD [8+EBP],EAX
   429 00000337 8D 65 F4                        	LEA	ESP,DWORD [-12+EBP]
   430 0000033A 5B                              	POP	EBX
   431 0000033B 5E                              	POP	ESI
   432 0000033C 5F                              	POP	EDI
   433 0000033D 5D                              	POP	EBP
   434 0000033E E9 FFFFFEE3                     	JMP	_boxfill8
   435 00000343                                 L27:
   436 00000343 57                              	PUSH	EDI
   437 00000344 8B 75 E0                        	MOV	ESI,DWORD [-32+EBP]
   438 00000347 01 FE                           	ADD	ESI,EDI
   439 00000349 56                              	PUSH	ESI
   440 0000034A 8B 45 E4                        	MOV	EAX,DWORD [-28+EBP]
   441 0000034D 01 F8                           	ADD	EAX,EDI
   442 0000034F 50                              	PUSH	EAX
   443 00000350 0F B6 5D EB                     	MOVZX	EBX,BYTE [-21+EBP]
   444 00000354 53                              	PUSH	EBX
   445 00000355 FF 75 EC                        	PUSH	DWORD [-20+EBP]
   446 00000358 FF 75 F0                        	PUSH	DWORD [-16+EBP]
   447 0000035B E8 0000027E                     	CALL	_Circlefill8_No_BG
   448 00000360 57                              	PUSH	EDI
   449 00000361 56                              	PUSH	ESI
   450 00000362 8B 45 DC                        	MOV	EAX,DWORD [-36+EBP]
   451 00000365 29 F8                           	SUB	EAX,EDI
   452 00000367 50                              	PUSH	EAX
   453 00000368 53                              	PUSH	EBX
   454 00000369 FF 75 EC                        	PUSH	DWORD [-20+EBP]
   455 0000036C FF 75 F0                        	PUSH	DWORD [-16+EBP]
   456 0000036F E8 0000026A                     	CALL	_Circlefill8_No_BG
   457 00000374 E9 FFFFFF6F                     	JMP	L29
   458 00000379                                 	GLOBAL	_boxfill_circle
   459 00000379                                 _boxfill_circle:
   460 00000379 55                              	PUSH	EBP
   461 0000037A 89 E5                           	MOV	EBP,ESP
   462 0000037C 57                              	PUSH	EDI
   463 0000037D 56                              	PUSH	ESI
   464 0000037E 53                              	PUSH	EBX
   465 0000037F 83 EC 38                        	SUB	ESP,56
   466 00000382 8B 45 08                        	MOV	EAX,DWORD [8+EBP]
   467 00000385 8B 7D 24                        	MOV	EDI,DWORD [36+EBP]
   468 00000388 89 45 F0                        	MOV	DWORD [-16+EBP],EAX
   469 0000038B 8B 45 0C                        	MOV	EAX,DWORD [12+EBP]
   470 0000038E 89 45 EC                        	MOV	DWORD [-20+EBP],EAX
   471 00000391 8B 45 14                        	MOV	EAX,DWORD [20+EBP]
   472 00000394 89 45 E4                        	MOV	DWORD [-28+EBP],EAX
   473 00000397 8B 45 18                        	MOV	EAX,DWORD [24+EBP]
   474 0000039A 89 45 E0                        	MOV	DWORD [-32+EBP],EAX
   475 0000039D 8B 45 1C                        	MOV	EAX,DWORD [28+EBP]
   476 000003A0 89 45 DC                        	MOV	DWORD [-36+EBP],EAX
   477 000003A3 8B 45 20                        	MOV	EAX,DWORD [32+EBP]
   478 000003A6 89 45 D8                        	MOV	DWORD [-40+EBP],EAX
   479 000003A9 8A 45 10                        	MOV	AL,BYTE [16+EBP]
   480 000003AC 88 45 EB                        	MOV	BYTE [-21+EBP],AL
   481 000003AF 83 7D 28 00                     	CMP	DWORD [40+EBP],0
   482 000003B3 0F 85 000000E0                  	JNE	L31
   483 000003B9 57                              	PUSH	EDI
   484 000003BA 8B 75 E0                        	MOV	ESI,DWORD [-32+EBP]
   485 000003BD 01 FE                           	ADD	ESI,EDI
   486 000003BF 56                              	PUSH	ESI
   487 000003C0 8B 45 E4                        	MOV	EAX,DWORD [-28+EBP]
   488 000003C3 01 F8                           	ADD	EAX,EDI
   489 000003C5 89 45 D4                        	MOV	DWORD [-44+EBP],EAX
   490 000003C8 50                              	PUSH	EAX
   491 000003C9 0F B6 5D EB                     	MOVZX	EBX,BYTE [-21+EBP]
   492 000003CD 53                              	PUSH	EBX
   493 000003CE FF 75 EC                        	PUSH	DWORD [-20+EBP]
   494 000003D1 FF 75 F0                        	PUSH	DWORD [-16+EBP]
   495 000003D4 E8 00000126                     	CALL	_Circlefill8
   496 000003D9 57                              	PUSH	EDI
   497 000003DA 56                              	PUSH	ESI
   498 000003DB 8B 45 DC                        	MOV	EAX,DWORD [-36+EBP]
   499 000003DE 29 F8                           	SUB	EAX,EDI
   500 000003E0 89 45 D0                        	MOV	DWORD [-48+EBP],EAX
   501 000003E3 50                              	PUSH	EAX
   502 000003E4 53                              	PUSH	EBX
   503 000003E5 FF 75 EC                        	PUSH	DWORD [-20+EBP]
   504 000003E8 FF 75 F0                        	PUSH	DWORD [-16+EBP]
   505 000003EB E8 0000010F                     	CALL	_Circlefill8
   506 000003F0 83 C4 30                        	ADD	ESP,48
   507 000003F3 57                              	PUSH	EDI
   508 000003F4 8B 75 D8                        	MOV	ESI,DWORD [-40+EBP]
   509 000003F7 29 FE                           	SUB	ESI,EDI
   510 000003F9 56                              	PUSH	ESI
   511 000003FA FF 75 D4                        	PUSH	DWORD [-44+EBP]
   512 000003FD 53                              	PUSH	EBX
   513 000003FE FF 75 EC                        	PUSH	DWORD [-20+EBP]
   514 00000401 FF 75 F0                        	PUSH	DWORD [-16+EBP]
   515 00000404 E8 000000F6                     	CALL	_Circlefill8
   516 00000409 57                              	PUSH	EDI
   517 0000040A 56                              	PUSH	ESI
   518 0000040B FF 75 D0                        	PUSH	DWORD [-48+EBP]
   519 0000040E 53                              	PUSH	EBX
   520 0000040F FF 75 EC                        	PUSH	DWORD [-20+EBP]
   521 00000412 FF 75 F0                        	PUSH	DWORD [-16+EBP]
   522 00000415 E8 000000E5                     	CALL	_Circlefill8
   523 0000041A                                 L33:
   524 0000041A 83 C4 30                        	ADD	ESP,48
   525 0000041D 8B 45 E0                        	MOV	EAX,DWORD [-32+EBP]
   526 00000420 01 F8                           	ADD	EAX,EDI
   527 00000422 89 45 C4                        	MOV	DWORD [-60+EBP],EAX
   528 00000425 50                              	PUSH	EAX
   529 00000426 8B 45 DC                        	MOV	EAX,DWORD [-36+EBP]
   530 00000429 29 F8                           	SUB	EAX,EDI
   531 0000042B 89 45 C0                        	MOV	DWORD [-64+EBP],EAX
   532 0000042E 50                              	PUSH	EAX
   533 0000042F FF 75 E0                        	PUSH	DWORD [-32+EBP]
   534 00000432 8B 45 E4                        	MOV	EAX,DWORD [-28+EBP]
   535 00000435 01 F8                           	ADD	EAX,EDI
   536 00000437 89 45 BC                        	MOV	DWORD [-68+EBP],EAX
   537 0000043A 50                              	PUSH	EAX
   538 0000043B 0F B6 5D EB                     	MOVZX	EBX,BYTE [-21+EBP]
   539 0000043F 53                              	PUSH	EBX
   540 00000440 FF 75 EC                        	PUSH	DWORD [-20+EBP]
   541 00000443 FF 75 F0                        	PUSH	DWORD [-16+EBP]
   542 00000446 E8 FFFFFDDB                     	CALL	_boxfill8
   543 0000044B 8B 75 D8                        	MOV	ESI,DWORD [-40+EBP]
   544 0000044E 29 FE                           	SUB	ESI,EDI
   545 00000450 56                              	PUSH	ESI
   546 00000451 FF 75 DC                        	PUSH	DWORD [-36+EBP]
   547 00000454 FF 75 C4                        	PUSH	DWORD [-60+EBP]
   548 00000457 FF 75 E4                        	PUSH	DWORD [-28+EBP]
   549 0000045A 53                              	PUSH	EBX
   550 0000045B FF 75 EC                        	PUSH	DWORD [-20+EBP]
   551 0000045E FF 75 F0                        	PUSH	DWORD [-16+EBP]
   552 00000461 E8 FFFFFDC0                     	CALL	_boxfill8
   553 00000466 89 5D 10                        	MOV	DWORD [16+EBP],EBX
   554 00000469 8B 45 D8                        	MOV	EAX,DWORD [-40+EBP]
   555 0000046C 89 75 18                        	MOV	DWORD [24+EBP],ESI
   556 0000046F 89 45 20                        	MOV	DWORD [32+EBP],EAX
   557 00000472 83 C4 38                        	ADD	ESP,56
   558 00000475 8B 45 C0                        	MOV	EAX,DWORD [-64+EBP]
   559 00000478 89 45 1C                        	MOV	DWORD [28+EBP],EAX
   560 0000047B 8B 45 BC                        	MOV	EAX,DWORD [-68+EBP]
   561 0000047E 89 45 14                        	MOV	DWORD [20+EBP],EAX
   562 00000481 8B 45 EC                        	MOV	EAX,DWORD [-20+EBP]
   563 00000484 89 45 0C                        	MOV	DWORD [12+EBP],EAX
   564 00000487 8B 45 F0                        	MOV	EAX,DWORD [-16+EBP]
   565 0000048A 89 45 08                        	MOV	DWORD [8+EBP],EAX
   566 0000048D 8D 65 F4                        	LEA	ESP,DWORD [-12+EBP]
   567 00000490 5B                              	POP	EBX
   568 00000491 5E                              	POP	ESI
   569 00000492 5F                              	POP	EDI
   570 00000493 5D                              	POP	EBP
   571 00000494 E9 FFFFFD8D                     	JMP	_boxfill8
   572 00000499                                 L31:
   573 00000499 57                              	PUSH	EDI
   574 0000049A 8B 75 E0                        	MOV	ESI,DWORD [-32+EBP]
   575 0000049D 01 FE                           	ADD	ESI,EDI
   576 0000049F 56                              	PUSH	ESI
   577 000004A0 8B 45 E4                        	MOV	EAX,DWORD [-28+EBP]
   578 000004A3 01 F8                           	ADD	EAX,EDI
   579 000004A5 89 45 CC                        	MOV	DWORD [-52+EBP],EAX
   580 000004A8 50                              	PUSH	EAX
   581 000004A9 0F B6 5D EB                     	MOVZX	EBX,BYTE [-21+EBP]
   582 000004AD 53                              	PUSH	EBX
   583 000004AE FF 75 EC                        	PUSH	DWORD [-20+EBP]
   584 000004B1 FF 75 F0                        	PUSH	DWORD [-16+EBP]
   585 000004B4 E8 00000125                     	CALL	_Circlefill8_No_BG
   586 000004B9 57                              	PUSH	EDI
   587 000004BA 56                              	PUSH	ESI
   588 000004BB 8B 45 DC                        	MOV	EAX,DWORD [-36+EBP]
   589 000004BE 29 F8                           	SUB	EAX,EDI
   590 000004C0 89 45 C8                        	MOV	DWORD [-56+EBP],EAX
   591 000004C3 50                              	PUSH	EAX
   592 000004C4 53                              	PUSH	EBX
   593 000004C5 FF 75 EC                        	PUSH	DWORD [-20+EBP]
   594 000004C8 FF 75 F0                        	PUSH	DWORD [-16+EBP]
   595 000004CB E8 0000010E                     	CALL	_Circlefill8_No_BG
   596 000004D0 83 C4 30                        	ADD	ESP,48
   597 000004D3 57                              	PUSH	EDI
   598 000004D4 8B 75 D8                        	MOV	ESI,DWORD [-40+EBP]
   599 000004D7 29 FE                           	SUB	ESI,EDI
   600 000004D9 56                              	PUSH	ESI
   601 000004DA FF 75 CC                        	PUSH	DWORD [-52+EBP]
   602 000004DD 53                              	PUSH	EBX
   603 000004DE FF 75 EC                        	PUSH	DWORD [-20+EBP]
   604 000004E1 FF 75 F0                        	PUSH	DWORD [-16+EBP]
   605 000004E4 E8 000000F5                     	CALL	_Circlefill8_No_BG
   606 000004E9 57                              	PUSH	EDI
   607 000004EA 56                              	PUSH	ESI
   608 000004EB FF 75 C8                        	PUSH	DWORD [-56+EBP]
   609 000004EE 53                              	PUSH	EBX
   610 000004EF FF 75 EC                        	PUSH	DWORD [-20+EBP]
   611 000004F2 FF 75 F0                        	PUSH	DWORD [-16+EBP]
   612 000004F5 E8 000000E4                     	CALL	_Circlefill8_No_BG
   613 000004FA E9 FFFFFF1B                     	JMP	L33
   614 000004FF                                 	GLOBAL	_Circlefill8
   615 000004FF                                 _Circlefill8:
   616 000004FF 55                              	PUSH	EBP
   617 00000500 89 E5                           	MOV	EBP,ESP
   618 00000502 57                              	PUSH	EDI
   619 00000503 56                              	PUSH	ESI
   620 00000504 53                              	PUSH	EBX
   621 00000505 83 EC 30                        	SUB	ESP,48
   622 00000508 8A 45 10                        	MOV	AL,BYTE [16+EBP]
   623 0000050B 88 45 E3                        	MOV	BYTE [-29+EBP],AL
   624 0000050E 8B 45 18                        	MOV	EAX,DWORD [24+EBP]
   625 00000511 2B 45 1C                        	SUB	EAX,DWORD [28+EBP]
   626 00000514 89 45 E8                        	MOV	DWORD [-24+EBP],EAX
   627 00000517 8B 45 14                        	MOV	EAX,DWORD [20+EBP]
   628 0000051A 2B 45 1C                        	SUB	EAX,DWORD [28+EBP]
   629 0000051D 89 45 E4                        	MOV	DWORD [-28+EBP],EAX
   630 00000520 8B 45 14                        	MOV	EAX,DWORD [20+EBP]
   631 00000523 03 45 1C                        	ADD	EAX,DWORD [28+EBP]
   632 00000526 89 45 EC                        	MOV	DWORD [-20+EBP],EAX
   633 00000529 8B 45 18                        	MOV	EAX,DWORD [24+EBP]
   634 0000052C 03 45 1C                        	ADD	EAX,DWORD [28+EBP]
   635 0000052F 89 45 F0                        	MOV	DWORD [-16+EBP],EAX
   636 00000532 8D 45 F0                        	LEA	EAX,DWORD [-16+EBP]
   637 00000535 50                              	PUSH	EAX
   638 00000536 8D 45 EC                        	LEA	EAX,DWORD [-20+EBP]
   639 00000539 50                              	PUSH	EAX
   640 0000053A 8D 45 E8                        	LEA	EAX,DWORD [-24+EBP]
   641 0000053D 50                              	PUSH	EAX
   642 0000053E 8D 45 E4                        	LEA	EAX,DWORD [-28+EBP]
   643 00000541 50                              	PUSH	EAX
   644 00000542 E8 00000156                     	CALL	_FixPosition
   645 00000547 83 C4 10                        	ADD	ESP,16
   646 0000054A 8B 45 E8                        	MOV	EAX,DWORD [-24+EBP]
   647 0000054D 89 45 DC                        	MOV	DWORD [-36+EBP],EAX
   648 00000550 8B 45 F0                        	MOV	EAX,DWORD [-16+EBP]
   649 00000553 89 45 D8                        	MOV	DWORD [-40+EBP],EAX
   650 00000556 39 45 DC                        	CMP	DWORD [-36+EBP],EAX
   651 00000559 7F 76                           	JG	L48
   652 0000055B 8B 45 E4                        	MOV	EAX,DWORD [-28+EBP]
   653 0000055E 89 45 D0                        	MOV	DWORD [-48+EBP],EAX
   654 00000561 8B 45 EC                        	MOV	EAX,DWORD [-20+EBP]
   655 00000564 89 45 CC                        	MOV	DWORD [-52+EBP],EAX
   656 00000567 8B 45 DC                        	MOV	EAX,DWORD [-36+EBP]
   657 0000056A 0F AF 45 0C                     	IMUL	EAX,DWORD [12+EBP]
   658 0000056E 89 45 C8                        	MOV	DWORD [-56+EBP],EAX
   659 00000571 89 45 C4                        	MOV	DWORD [-60+EBP],EAX
   660 00000574                                 L46:
   661 00000574 8B 45 CC                        	MOV	EAX,DWORD [-52+EBP]
   662 00000577 8B 5D D0                        	MOV	EBX,DWORD [-48+EBP]
   663 0000057A 89 45 D4                        	MOV	DWORD [-44+EBP],EAX
   664 0000057D 39 C3                           	CMP	EBX,EAX
   665 0000057F 7F 3C                           	JG	L50
   666 00000581 8B 45 C8                        	MOV	EAX,DWORD [-56+EBP]
   667 00000584 03 45 08                        	ADD	EAX,DWORD [8+EBP]
   668 00000587 8D 3C 18                        	LEA	EDI,DWORD [EAX+EBX*1]
   669 0000058A 8B 45 C4                        	MOV	EAX,DWORD [-60+EBP]
   670 0000058D 03 45 08                        	ADD	EAX,DWORD [8+EBP]
   671 00000590 8D 34 18                        	LEA	ESI,DWORD [EAX+EBX*1]
   672 00000593                                 L45:
   673 00000593 89 DA                           	MOV	EDX,EBX
   674 00000595 8B 45 DC                        	MOV	EAX,DWORD [-36+EBP]
   675 00000598 2B 55 14                        	SUB	EDX,DWORD [20+EBP]
   676 0000059B 2B 45 18                        	SUB	EAX,DWORD [24+EBP]
   677 0000059E 0F AF D2                        	IMUL	EDX,EDX
   678 000005A1 0F AF C0                        	IMUL	EAX,EAX
   679 000005A4 8B 4D 1C                        	MOV	ECX,DWORD [28+EBP]
   680 000005A7 01 C2                           	ADD	EDX,EAX
   681 000005A9 0F AF C9                        	IMUL	ECX,ECX
   682 000005AC 39 D1                           	CMP	ECX,EDX
   683 000005AE 7C 29                           	JL	L43
   684 000005B0 8A 45 E3                        	MOV	AL,BYTE [-29+EBP]
   685 000005B3 88 06                           	MOV	BYTE [ESI],AL
   686 000005B5                                 L41:
   687 000005B5 43                              	INC	EBX
   688 000005B6 47                              	INC	EDI
   689 000005B7 46                              	INC	ESI
   690 000005B8 3B 5D D4                        	CMP	EBX,DWORD [-44+EBP]
   691 000005BB 7E D6                           	JLE	L45
   692 000005BD                                 L50:
   693 000005BD 8B 45 0C                        	MOV	EAX,DWORD [12+EBP]
   694 000005C0 FF 45 DC                        	INC	DWORD [-36+EBP]
   695 000005C3 01 45 C8                        	ADD	DWORD [-56+EBP],EAX
   696 000005C6 01 45 C4                        	ADD	DWORD [-60+EBP],EAX
   697 000005C9 8B 45 D8                        	MOV	EAX,DWORD [-40+EBP]
   698 000005CC 39 45 DC                        	CMP	DWORD [-36+EBP],EAX
   699 000005CF 7E A3                           	JLE	L46
   700 000005D1                                 L48:
   701 000005D1 8D 65 F4                        	LEA	ESP,DWORD [-12+EBP]
   702 000005D4 5B                              	POP	EBX
   703 000005D5 5E                              	POP	ESI
   704 000005D6 5F                              	POP	EDI
   705 000005D7 5D                              	POP	EBP
   706 000005D8 C3                              	RET
   707 000005D9                                 L43:
   708 000005D9 C6 07 0F                        	MOV	BYTE [EDI],15
   709 000005DC EB D7                           	JMP	L41
   710 000005DE                                 	GLOBAL	_Circlefill8_No_BG
   711 000005DE                                 _Circlefill8_No_BG:
   712 000005DE 55                              	PUSH	EBP
   713 000005DF 89 E5                           	MOV	EBP,ESP
   714 000005E1 57                              	PUSH	EDI
   715 000005E2 56                              	PUSH	ESI
   716 000005E3 53                              	PUSH	EBX
   717 000005E4 83 EC 28                        	SUB	ESP,40
   718 000005E7 8A 45 10                        	MOV	AL,BYTE [16+EBP]
   719 000005EA 88 45 E3                        	MOV	BYTE [-29+EBP],AL
   720 000005ED 8B 45 18                        	MOV	EAX,DWORD [24+EBP]
   721 000005F0 2B 45 1C                        	SUB	EAX,DWORD [28+EBP]
   722 000005F3 89 45 E8                        	MOV	DWORD [-24+EBP],EAX
   723 000005F6 8B 45 14                        	MOV	EAX,DWORD [20+EBP]
   724 000005F9 2B 45 1C                        	SUB	EAX,DWORD [28+EBP]
   725 000005FC 89 45 E4                        	MOV	DWORD [-28+EBP],EAX
   726 000005FF 8B 45 14                        	MOV	EAX,DWORD [20+EBP]
   727 00000602 03 45 1C                        	ADD	EAX,DWORD [28+EBP]
   728 00000605 89 45 EC                        	MOV	DWORD [-20+EBP],EAX
   729 00000608 8B 45 18                        	MOV	EAX,DWORD [24+EBP]
   730 0000060B 03 45 1C                        	ADD	EAX,DWORD [28+EBP]
   731 0000060E 89 45 F0                        	MOV	DWORD [-16+EBP],EAX
   732 00000611 8D 45 F0                        	LEA	EAX,DWORD [-16+EBP]
   733 00000614 50                              	PUSH	EAX
   734 00000615 8D 45 EC                        	LEA	EAX,DWORD [-20+EBP]
   735 00000618 50                              	PUSH	EAX
   736 00000619 8D 45 E8                        	LEA	EAX,DWORD [-24+EBP]
   737 0000061C 50                              	PUSH	EAX
   738 0000061D 8D 45 E4                        	LEA	EAX,DWORD [-28+EBP]
   739 00000620 50                              	PUSH	EAX
   740 00000621 E8 00000077                     	CALL	_FixPosition
   741 00000626 8B 45 F0                        	MOV	EAX,DWORD [-16+EBP]
   742 00000629 8B 7D E8                        	MOV	EDI,DWORD [-24+EBP]
   743 0000062C 83 C4 10                        	ADD	ESP,16
   744 0000062F 89 45 DC                        	MOV	DWORD [-36+EBP],EAX
   745 00000632 39 C7                           	CMP	EDI,EAX
   746 00000634 7F 5F                           	JG	L64
   747 00000636 8B 45 E4                        	MOV	EAX,DWORD [-28+EBP]
   748 00000639 89 45 D4                        	MOV	DWORD [-44+EBP],EAX
   749 0000063C 8B 45 EC                        	MOV	EAX,DWORD [-20+EBP]
   750 0000063F 89 45 D0                        	MOV	DWORD [-48+EBP],EAX
   751 00000642 8B 45 0C                        	MOV	EAX,DWORD [12+EBP]
   752 00000645 0F AF C7                        	IMUL	EAX,EDI
   753 00000648 89 45 CC                        	MOV	DWORD [-52+EBP],EAX
   754 0000064B                                 L62:
   755 0000064B 8B 45 D0                        	MOV	EAX,DWORD [-48+EBP]
   756 0000064E 8B 5D D4                        	MOV	EBX,DWORD [-44+EBP]
   757 00000651 89 45 D8                        	MOV	DWORD [-40+EBP],EAX
   758 00000654 39 C3                           	CMP	EBX,EAX
   759 00000656 7F 31                           	JG	L66
   760 00000658 8B 45 CC                        	MOV	EAX,DWORD [-52+EBP]
   761 0000065B 03 45 08                        	ADD	EAX,DWORD [8+EBP]
   762 0000065E 8D 34 18                        	LEA	ESI,DWORD [EAX+EBX*1]
   763 00000661                                 L61:
   764 00000661 89 DA                           	MOV	EDX,EBX
   765 00000663 89 F8                           	MOV	EAX,EDI
   766 00000665 2B 55 14                        	SUB	EDX,DWORD [20+EBP]
   767 00000668 2B 45 18                        	SUB	EAX,DWORD [24+EBP]
   768 0000066B 0F AF D2                        	IMUL	EDX,EDX
   769 0000066E 0F AF C0                        	IMUL	EAX,EAX
   770 00000671 8B 4D 1C                        	MOV	ECX,DWORD [28+EBP]
   771 00000674 01 C2                           	ADD	EDX,EAX
   772 00000676 0F AF C9                        	IMUL	ECX,ECX
   773 00000679 39 D1                           	CMP	ECX,EDX
   774 0000067B 7C 05                           	JL	L58
   775 0000067D 8A 45 E3                        	MOV	AL,BYTE [-29+EBP]
   776 00000680 88 06                           	MOV	BYTE [ESI],AL
   777 00000682                                 L58:
   778 00000682 43                              	INC	EBX
   779 00000683 46                              	INC	ESI
   780 00000684 3B 5D D8                        	CMP	EBX,DWORD [-40+EBP]
   781 00000687 7E D8                           	JLE	L61
   782 00000689                                 L66:
   783 00000689 8B 45 0C                        	MOV	EAX,DWORD [12+EBP]
   784 0000068C 47                              	INC	EDI
   785 0000068D 01 45 CC                        	ADD	DWORD [-52+EBP],EAX
   786 00000690 3B 7D DC                        	CMP	EDI,DWORD [-36+EBP]
   787 00000693 7E B6                           	JLE	L62
   788 00000695                                 L64:
   789 00000695 8D 65 F4                        	LEA	ESP,DWORD [-12+EBP]
   790 00000698 5B                              	POP	EBX
   791 00000699 5E                              	POP	ESI
   792 0000069A 5F                              	POP	EDI
   793 0000069B 5D                              	POP	EBP
   794 0000069C C3                              	RET
   795 0000069D                                 	GLOBAL	_FixPosition
   796 0000069D                                 _FixPosition:
   797 0000069D 55                              	PUSH	EBP
   798 0000069E 89 E5                           	MOV	EBP,ESP
   799 000006A0 53                              	PUSH	EBX
   800 000006A1 8B 45 08                        	MOV	EAX,DWORD [8+EBP]
   801 000006A4 8B 55 0C                        	MOV	EDX,DWORD [12+EBP]
   802 000006A7 8B 4D 10                        	MOV	ECX,DWORD [16+EBP]
   803 000006AA 8B 5D 14                        	MOV	EBX,DWORD [20+EBP]
   804 000006AD 83 38 00                        	CMP	DWORD [EAX],0
   805 000006B0 78 2C                           	JS	L72
   806 000006B2                                 L68:
   807 000006B2 83 3A 00                        	CMP	DWORD [EDX],0
   808 000006B5 78 1F                           	JS	L73
   809 000006B7                                 L69:
   810 000006B7 81 39 00000400                  	CMP	DWORD [ECX],1024
   811 000006BD 7E 06                           	JLE	L70
   812 000006BF C7 01 00000400                  	MOV	DWORD [ECX],1024
   813 000006C5                                 L70:
   814 000006C5 81 3B 00000300                  	CMP	DWORD [EBX],768
   815 000006CB 7E 06                           	JLE	L67
   816 000006CD C7 03 00000300                  	MOV	DWORD [EBX],768
   817 000006D3                                 L67:
   818 000006D3 5B                              	POP	EBX
   819 000006D4 5D                              	POP	EBP
   820 000006D5 C3                              	RET
   821 000006D6                                 L73:
   822 000006D6 C7 02 00000000                  	MOV	DWORD [EDX],0
   823 000006DC EB D9                           	JMP	L69
   824 000006DE                                 L72:
   825 000006DE C7 00 00000000                  	MOV	DWORD [EAX],0
   826 000006E4 EB CC                           	JMP	L68
   827 000006E6                                 	GLOBAL	_putfont8
   828 000006E6                                 _putfont8:
   829 000006E6 55                              	PUSH	EBP
   830 000006E7 89 E5                           	MOV	EBP,ESP
   831 000006E9 57                              	PUSH	EDI
   832 000006EA 56                              	PUSH	ESI
   833 000006EB 31 F6                           	XOR	ESI,ESI
   834 000006ED 53                              	PUSH	EBX
   835 000006EE 8B 7D 1C                        	MOV	EDI,DWORD [28+EBP]
   836 000006F1 8A 5D 18                        	MOV	BL,BYTE [24+EBP]
   837 000006F4                                 L87:
   838 000006F4 8B 45 14                        	MOV	EAX,DWORD [20+EBP]
   839 000006F7 8B 55 10                        	MOV	EDX,DWORD [16+EBP]
   840 000006FA 01 F0                           	ADD	EAX,ESI
   841 000006FC 0F AF 45 0C                     	IMUL	EAX,DWORD [12+EBP]
   842 00000700 03 45 08                        	ADD	EAX,DWORD [8+EBP]
   843 00000703 8D 0C 02                        	LEA	ECX,DWORD [EDX+EAX*1]
   844 00000706 8A 14 3E                        	MOV	DL,BYTE [ESI+EDI*1]
   845 00000709 84 D2                           	TEST	DL,DL
   846 0000070B 79 02                           	JNS	L79
   847 0000070D 88 19                           	MOV	BYTE [ECX],BL
   848 0000070F                                 L79:
   849 0000070F 88 D0                           	MOV	AL,DL
   850 00000711 83 E0 40                        	AND	EAX,64
   851 00000714 84 C0                           	TEST	AL,AL
   852 00000716 74 03                           	JE	L80
   853 00000718 88 59 01                        	MOV	BYTE [1+ECX],BL
   854 0000071B                                 L80:
   855 0000071B 88 D0                           	MOV	AL,DL
   856 0000071D 83 E0 20                        	AND	EAX,32
   857 00000720 84 C0                           	TEST	AL,AL
   858 00000722 74 03                           	JE	L81
   859 00000724 88 59 02                        	MOV	BYTE [2+ECX],BL
   860 00000727                                 L81:
   861 00000727 88 D0                           	MOV	AL,DL
   862 00000729 83 E0 10                        	AND	EAX,16
   863 0000072C 84 C0                           	TEST	AL,AL
   864 0000072E 74 03                           	JE	L82
   865 00000730 88 59 03                        	MOV	BYTE [3+ECX],BL
   866 00000733                                 L82:
   867 00000733 88 D0                           	MOV	AL,DL
   868 00000735 83 E0 08                        	AND	EAX,8
   869 00000738 84 C0                           	TEST	AL,AL
   870 0000073A 74 03                           	JE	L83
   871 0000073C 88 59 04                        	MOV	BYTE [4+ECX],BL
   872 0000073F                                 L83:
   873 0000073F 88 D0                           	MOV	AL,DL
   874 00000741 83 E0 04                        	AND	EAX,4
   875 00000744 84 C0                           	TEST	AL,AL
   876 00000746 74 03                           	JE	L84
   877 00000748 88 59 05                        	MOV	BYTE [5+ECX],BL
   878 0000074B                                 L84:
   879 0000074B 88 D0                           	MOV	AL,DL
   880 0000074D 83 E0 02                        	AND	EAX,2
   881 00000750 84 C0                           	TEST	AL,AL
   882 00000752 74 03                           	JE	L85
   883 00000754 88 59 06                        	MOV	BYTE [6+ECX],BL
   884 00000757                                 L85:
   885 00000757 83 E2 01                        	AND	EDX,1
   886 0000075A 84 D2                           	TEST	DL,DL
   887 0000075C 74 03                           	JE	L77
   888 0000075E 88 59 07                        	MOV	BYTE [7+ECX],BL
   889 00000761                                 L77:
   890 00000761 46                              	INC	ESI
   891 00000762 83 FE 0F                        	CMP	ESI,15
   892 00000765 7E 8D                           	JLE	L87
   893 00000767 5B                              	POP	EBX
   894 00000768 5E                              	POP	ESI
   895 00000769 5F                              	POP	EDI
   896 0000076A 5D                              	POP	EBP
   897 0000076B C3                              	RET
   898 0000076C                                 	GLOBAL	_putfonts8_asc
   899 0000076C                                 _putfonts8_asc:
   900 0000076C 55                              	PUSH	EBP
   901 0000076D 89 E5                           	MOV	EBP,ESP
   902 0000076F 57                              	PUSH	EDI
   903 00000770 56                              	PUSH	ESI
   904 00000771 53                              	PUSH	EBX
   905 00000772 50                              	PUSH	EAX
   906 00000773 8B 5D 1C                        	MOV	EBX,DWORD [28+EBP]
   907 00000776 8A 45 18                        	MOV	AL,BYTE [24+EBP]
   908 00000779 88 45 F3                        	MOV	BYTE [-13+EBP],AL
   909 0000077C 8B 75 10                        	MOV	ESI,DWORD [16+EBP]
   910 0000077F 8B 7D 14                        	MOV	EDI,DWORD [20+EBP]
   911 00000782 80 3B 00                        	CMP	BYTE [EBX],0
   912 00000785 75 08                           	JNE	L95
   913 00000787                                 L97:
   914 00000787 8D 65 F4                        	LEA	ESP,DWORD [-12+EBP]
   915 0000078A 5B                              	POP	EBX
   916 0000078B 5E                              	POP	ESI
   917 0000078C 5F                              	POP	EDI
   918 0000078D 5D                              	POP	EBP
   919 0000078E C3                              	RET
   920 0000078F                                 L95:
   921 0000078F 0F B6 03                        	MOVZX	EAX,BYTE [EBX]
   922 00000792 C1 E0 04                        	SAL	EAX,4
   923 00000795 43                              	INC	EBX
   924 00000796 05 [00000000]                   	ADD	EAX,_hankaku
   925 0000079B 50                              	PUSH	EAX
   926 0000079C 0F BE 45 F3                     	MOVSX	EAX,BYTE [-13+EBP]
   927 000007A0 50                              	PUSH	EAX
   928 000007A1 57                              	PUSH	EDI
   929 000007A2 56                              	PUSH	ESI
   930 000007A3 83 C6 08                        	ADD	ESI,8
   931 000007A6 FF 75 0C                        	PUSH	DWORD [12+EBP]
   932 000007A9 FF 75 08                        	PUSH	DWORD [8+EBP]
   933 000007AC E8 FFFFFF35                     	CALL	_putfont8
   934 000007B1 83 C4 18                        	ADD	ESP,24
   935 000007B4 80 3B 00                        	CMP	BYTE [EBX],0
   936 000007B7 75 D6                           	JNE	L95
   937 000007B9 EB CC                           	JMP	L97
   938                                          [SECTION .data]
   939 00000060                                 _cursor.1:
   940 00000060 2A 2E 2E 2E 2E 2E 2E 2E 2E 2E   	DB	"*..............."
       0000006A 2E 2E 2E 2E 2E 2E 
   941 00000070 2A 4F 2A 2E 2E 2E 2E 2E 2E 2E   	DB	"*O*............."
       0000007A 2E 2E 2E 2E 2E 2E 
   942 00000080 2A 4F 4F 2A 2E 2E 2E 2E 2E 2E   	DB	"*OO*............"
       0000008A 2E 2E 2E 2E 2E 2E 
   943 00000090 2A 4F 4F 4F 4F 2A 2E 2E 2E 2E   	DB	"*OOOO*.........."
       0000009A 2E 2E 2E 2E 2E 2E 
   944 000000A0 2A 4F 4F 4F 4F 4F 2A 2E 2E 2E   	DB	"*OOOOO*........."
       000000AA 2E 2E 2E 2E 2E 2E 
   945 000000B0 2A 4F 4F 4F 4F 4F 4F 4F 2A 2E   	DB	"*OOOOOOO*......."
       000000BA 2E 2E 2E 2E 2E 2E 
   946 000000C0 2A 4F 4F 4F 4F 4F 4F 4F 4F 2A   	DB	"*OOOOOOOO*......"
       000000CA 2E 2E 2E 2E 2E 2E 
   947 000000D0 2A 4F 4F 4F 4F 4F 4F 4F 4F 4F   	DB	"*OOOOOOOOOO*...."
       000000DA 4F 2A 2E 2E 2E 2E 
   948 000000E0 2A 4F 4F 4F 4F 4F 4F 4F 4F 4F   	DB	"*OOOOOOOOOOO*..."
       000000EA 4F 4F 2A 2E 2E 2E 
   949 000000F0 2A 4F 4F 4F 4F 4F 4F 4F 4F 4F   	DB	"*OOOOOOOOOOOOO*."
       000000FA 4F 4F 4F 4F 2A 2E 
   950 00000100 2A 4F 4F 4F 4F 4F 4F 4F 4F 4F   	DB	"*OOOOOOOOOOOOOO*"
       0000010A 4F 4F 4F 4F 4F 2A 
   951 00000110 2A 4F 4F 4F 4F 2A 4F 4F 4F 4F   	DB	"*OOOO*OOOO*....."
       0000011A 2A 2E 2E 2E 2E 2E 
   952 00000120 2A 4F 4F 2A 2E 2E 2A 4F 4F 4F   	DB	"*OO*..*OOOO*...."
       0000012A 4F 2A 2E 2E 2E 2E 
   953 00000130 2A 2E 2E 2E 2E 2E 2E 2A 4F 4F   	DB	"*......*OOOO*..."
       0000013A 4F 4F 2A 2E 2E 2E 
   954 00000140 2E 2E 2E 2E 2E 2E 2E 2E 2A 4F   	DB	"........*OOOO*.."
       0000014A 4F 4F 4F 2A 2E 2E 
   955 00000150 2E 2E 2E 2E 2E 2E 2E 2E 2E 2E   	DB	"..........****.."
       0000015A 2A 2A 2A 2A 2E 2E 
   956                                          [SECTION .text]
   957 000007BB                                 	GLOBAL	_init_mouse_cursor8
   958 000007BB                                 _init_mouse_cursor8:
   959 000007BB 55                              	PUSH	EBP
   960 000007BC 89 E5                           	MOV	EBP,ESP
   961 000007BE 57                              	PUSH	EDI
   962 000007BF 56                              	PUSH	ESI
   963 000007C0 31 FF                           	XOR	EDI,EDI
   964 000007C2 53                              	PUSH	EBX
   965 000007C3 31 DB                           	XOR	EBX,EBX
   966 000007C5 50                              	PUSH	EAX
   967 000007C6 8A 45 0C                        	MOV	AL,BYTE [12+EBP]
   968 000007C9 8B 75 08                        	MOV	ESI,DWORD [8+EBP]
   969 000007CC 88 45 F3                        	MOV	BYTE [-13+EBP],AL
   970 000007CF                                 L111:
   971 000007CF 31 D2                           	XOR	EDX,EDX
   972 000007D1                                 L110:
   973 000007D1 8D 04 3A                        	LEA	EAX,DWORD [EDX+EDI*1]
   974 000007D4 80 B8 [00000060] 2A             	CMP	BYTE [_cursor.1+EAX],42
   975 000007DB 74 35                           	JE	L116
   976 000007DD                                 L107:
   977 000007DD 80 B8 [00000060] 4F             	CMP	BYTE [_cursor.1+EAX],79
   978 000007E4 74 26                           	JE	L117
   979 000007E6                                 L108:
   980 000007E6 80 B8 [00000060] 2E             	CMP	BYTE [_cursor.1+EAX],46
   981 000007ED 74 15                           	JE	L118
   982 000007EF                                 L105:
   983 000007EF 42                              	INC	EDX
   984 000007F0 83 FA 0F                        	CMP	EDX,15
   985 000007F3 7E DC                           	JLE	L110
   986 000007F5 43                              	INC	EBX
   987 000007F6 83 C7 10                        	ADD	EDI,16
   988 000007F9 83 FB 0F                        	CMP	EBX,15
   989 000007FC 7E D1                           	JLE	L111
   990 000007FE 58                              	POP	EAX
   991 000007FF 5B                              	POP	EBX
   992 00000800 5E                              	POP	ESI
   993 00000801 5F                              	POP	EDI
   994 00000802 5D                              	POP	EBP
   995 00000803 C3                              	RET
   996 00000804                                 L118:
   997 00000804 8A 4D F3                        	MOV	CL,BYTE [-13+EBP]
   998 00000807 88 0C 30                        	MOV	BYTE [EAX+ESI*1],CL
   999 0000080A EB E3                           	JMP	L105
  1000 0000080C                                 L117:
  1001 0000080C C6 04 30 63                     	MOV	BYTE [EAX+ESI*1],99
  1002 00000810 EB D4                           	JMP	L108
  1003 00000812                                 L116:
  1004 00000812 C6 04 30 00                     	MOV	BYTE [EAX+ESI*1],0
  1005 00000816 EB C5                           	JMP	L107
  1006 00000818                                 	GLOBAL	_putblock8_8
  1007 00000818                                 _putblock8_8:
  1008 00000818 55                              	PUSH	EBP
  1009 00000819 89 E5                           	MOV	EBP,ESP
  1010 0000081B 57                              	PUSH	EDI
  1011 0000081C 56                              	PUSH	ESI
  1012 0000081D 31 F6                           	XOR	ESI,ESI
  1013 0000081F 53                              	PUSH	EBX
  1014 00000820 83 EC 0C                        	SUB	ESP,12
  1015 00000823 3B 75 14                        	CMP	ESI,DWORD [20+EBP]
  1016 00000826 7D 3E                           	JGE	L131
  1017 00000828 31 FF                           	XOR	EDI,EDI
  1018 0000082A                                 L129:
  1019 0000082A 31 DB                           	XOR	EBX,EBX
  1020 0000082C 3B 5D 10                        	CMP	EBX,DWORD [16+EBP]
  1021 0000082F 7D 2C                           	JGE	L133
  1022 00000831 8B 45 20                        	MOV	EAX,DWORD [32+EBP]
  1023 00000834 01 F8                           	ADD	EAX,EDI
  1024 00000836 89 45 EC                        	MOV	DWORD [-20+EBP],EAX
  1025 00000839                                 L128:
  1026 00000839 8B 45 1C                        	MOV	EAX,DWORD [28+EBP]
  1027 0000083C 8B 55 18                        	MOV	EDX,DWORD [24+EBP]
  1028 0000083F 01 F0                           	ADD	EAX,ESI
  1029 00000841 01 DA                           	ADD	EDX,EBX
  1030 00000843 0F AF 45 0C                     	IMUL	EAX,DWORD [12+EBP]
  1031 00000847 01 D0                           	ADD	EAX,EDX
  1032 00000849 8B 4D 08                        	MOV	ECX,DWORD [8+EBP]
  1033 0000084C 8B 55 EC                        	MOV	EDX,DWORD [-20+EBP]
  1034 0000084F 43                              	INC	EBX
  1035 00000850 8A 12                           	MOV	DL,BYTE [EDX]
  1036 00000852 88 14 08                        	MOV	BYTE [EAX+ECX*1],DL
  1037 00000855 FF 45 EC                        	INC	DWORD [-20+EBP]
  1038 00000858 3B 5D 10                        	CMP	EBX,DWORD [16+EBP]
  1039 0000085B 7C DC                           	JL	L128
  1040 0000085D                                 L133:
  1041 0000085D 46                              	INC	ESI
  1042 0000085E 03 7D 24                        	ADD	EDI,DWORD [36+EBP]
  1043 00000861 3B 75 14                        	CMP	ESI,DWORD [20+EBP]
  1044 00000864 7C C4                           	JL	L129
  1045 00000866                                 L131:
  1046 00000866 83 C4 0C                        	ADD	ESP,12
  1047 00000869 5B                              	POP	EBX
  1048 0000086A 5E                              	POP	ESI
  1049 0000086B 5F                              	POP	EDI
  1050 0000086C 5D                              	POP	EBP
  1051 0000086D C3                              	RET
  1052                                          [SECTION .data]
  1053 00000160                                 _closebtn.2:
  1054 00000160 40 40 51 51 51 51 40 40         	DB	"@@QQQQ@@"
  1055 00000168 51 40 40 51 51 40 40 51         	DB	"Q@@QQ@@Q"
  1056 00000170 51 51 40 40 40 40 51 51         	DB	"QQ@@@@QQ"
  1057 00000178 51 51 51 40 40 51 51 51         	DB	"QQQ@@QQQ"
  1058 00000180 51 51 40 40 40 40 51 51         	DB	"QQ@@@@QQ"
  1059 00000188 51 40 40 51 51 40 40 51         	DB	"Q@@QQ@@Q"
  1060 00000190 40 40 51 51 51 51 40 40         	DB	"@@QQQQ@@"
  1061                                          [SECTION .text]
  1062 0000086E                                 	GLOBAL	_make_window8
  1063 0000086E                                 _make_window8:
  1064 0000086E 55                              	PUSH	EBP
  1065 0000086F 89 E5                           	MOV	EBP,ESP
  1066 00000871 57                              	PUSH	EDI
  1067 00000872 56                              	PUSH	ESI
  1068 00000873 53                              	PUSH	EBX
  1069 00000874 8B 75 0C                        	MOV	ESI,DWORD [12+EBP]
  1070 00000877 6A 00                           	PUSH	0
  1071 00000879 8B 5D 10                        	MOV	EBX,DWORD [16+EBP]
  1072 0000087C 6A 0A                           	PUSH	10
  1073 0000087E 8B 7D 08                        	MOV	EDI,DWORD [8+EBP]
  1074 00000881 53                              	PUSH	EBX
  1075 00000882 83 EB 0F                        	SUB	EBX,15
  1076 00000885 56                              	PUSH	ESI
  1077 00000886 6A 00                           	PUSH	0
  1078 00000888 6A 00                           	PUSH	0
  1079 0000088A 6A 00                           	PUSH	0
  1080 0000088C 56                              	PUSH	ESI
  1081 0000088D 57                              	PUSH	EDI
  1082 0000088E E8 FFFFF9E4                     	CALL	_boxfill_circle_forWindow
  1083 00000893 83 C4 24                        	ADD	ESP,36
  1084 00000896 53                              	PUSH	EBX
  1085 00000897 31 DB                           	XOR	EBX,EBX
  1086 00000899 56                              	PUSH	ESI
  1087 0000089A 6A 19                           	PUSH	25
  1088 0000089C 6A 00                           	PUSH	0
  1089 0000089E 6A 02                           	PUSH	2
  1090 000008A0 56                              	PUSH	ESI
  1091 000008A1 57                              	PUSH	EDI
  1092 000008A2 E8 FFFFF97F                     	CALL	_boxfill8
  1093 000008A7 6A 07                           	PUSH	7
  1094 000008A9 6A 0C                           	PUSH	12
  1095 000008AB 6A 12                           	PUSH	18
  1096 000008AD 6A 03                           	PUSH	3
  1097 000008AF 56                              	PUSH	ESI
  1098 000008B0 57                              	PUSH	EDI
  1099 000008B1 E8 FFFFFD28                     	CALL	_Circlefill8_No_BG
  1100 000008B6 83 C4 34                        	ADD	ESP,52
  1101 000008B9 6A 07                           	PUSH	7
  1102 000008BB 6A 0C                           	PUSH	12
  1103 000008BD 6A 23                           	PUSH	35
  1104 000008BF 6A 04                           	PUSH	4
  1105 000008C1 56                              	PUSH	ESI
  1106 000008C2 57                              	PUSH	EDI
  1107 000008C3 E8 FFFFFD16                     	CALL	_Circlefill8_No_BG
  1108 000008C8 6A 0D                           	PUSH	13
  1109 000008CA 6A 26                           	PUSH	38
  1110 000008CC 6A 0C                           	PUSH	12
  1111 000008CE 6A 21                           	PUSH	33
  1112 000008D0 6A 00                           	PUSH	0
  1113 000008D2 56                              	PUSH	ESI
  1114 000008D3 57                              	PUSH	EDI
  1115 000008D4 E8 FFFFF94D                     	CALL	_boxfill8
  1116 000008D9 83 C4 34                        	ADD	ESP,52
  1117 000008DC FF 75 14                        	PUSH	DWORD [20+EBP]
  1118 000008DF 6A 01                           	PUSH	1
  1119 000008E1 6A 05                           	PUSH	5
  1120 000008E3 6A 35                           	PUSH	53
  1121 000008E5 56                              	PUSH	ESI
  1122 000008E6 57                              	PUSH	EDI
  1123 000008E7 E8 FFFFFE80                     	CALL	_putfonts8_asc
  1124 000008EC 83 C4 18                        	ADD	ESP,24
  1125 000008EF 6B D6 09                        	IMUL	EDX,ESI,9
  1126 000008F2                                 L145:
  1127 000008F2 31 C9                           	XOR	ECX,ECX
  1128 000008F4 8D 44 17 0E                     	LEA	EAX,DWORD [14+EDI+EDX*1]
  1129 000008F8                                 L144:
  1130 000008F8 80 BC D9 [00000160] 40          	CMP	BYTE [_closebtn.2+ECX+EBX*8],64
  1131 00000900 74 17                           	JE	L150
  1132 00000902                                 L141:
  1133 00000902 41                              	INC	ECX
  1134 00000903 40                              	INC	EAX
  1135 00000904 83 F9 07                        	CMP	ECX,7
  1136 00000907 7E EF                           	JLE	L144
  1137 00000909 43                              	INC	EBX
  1138 0000090A 01 F2                           	ADD	EDX,ESI
  1139 0000090C 83 FB 06                        	CMP	EBX,6
  1140 0000090F 7E E1                           	JLE	L145
  1141 00000911 8D 65 F4                        	LEA	ESP,DWORD [-12+EBP]
  1142 00000914 5B                              	POP	EBX
  1143 00000915 5E                              	POP	ESI
  1144 00000916 5F                              	POP	EDI
  1145 00000917 5D                              	POP	EBP
  1146 00000918 C3                              	RET
  1147 00000919                                 L150:
  1148 00000919 C6 00 00                        	MOV	BYTE [EAX],0
  1149 0000091C EB E4                           	JMP	L141
  1150                                          [SECTION .data]
  1151 00000198                                 _closebtn.3:
  1152 00000198 40 40 51 51 51 51 40 40         	DB	"@@QQQQ@@"
  1153 000001A0 51 40 40 51 51 40 40 51         	DB	"Q@@QQ@@Q"
  1154 000001A8 51 51 40 40 40 40 51 51         	DB	"QQ@@@@QQ"
  1155 000001B0 51 51 51 40 40 51 51 51         	DB	"QQQ@@QQQ"
  1156 000001B8 51 51 40 40 40 40 51 51         	DB	"QQ@@@@QQ"
  1157 000001C0 51 40 40 51 51 40 40 51         	DB	"Q@@QQ@@Q"
  1158 000001C8 40 40 51 51 51 51 40 40         	DB	"@@QQQQ@@"
  1159                                          [SECTION .text]
  1160 0000091E                                 	GLOBAL	_make_Console8
  1161 0000091E                                 _make_Console8:
  1162 0000091E 55                              	PUSH	EBP
  1163 0000091F 89 E5                           	MOV	EBP,ESP
  1164 00000921 57                              	PUSH	EDI
  1165 00000922 56                              	PUSH	ESI
  1166 00000923 53                              	PUSH	EBX
  1167 00000924 8B 75 0C                        	MOV	ESI,DWORD [12+EBP]
  1168 00000927 6A 00                           	PUSH	0
  1169 00000929 8B 7D 08                        	MOV	EDI,DWORD [8+EBP]
  1170 0000092C 6A 0A                           	PUSH	10
  1171 0000092E 31 DB                           	XOR	EBX,EBX
  1172 00000930 6A 1C                           	PUSH	28
  1173 00000932 56                              	PUSH	ESI
  1174 00000933 6A 00                           	PUSH	0
  1175 00000935 6A 00                           	PUSH	0
  1176 00000937 6A 12                           	PUSH	18
  1177 00000939 56                              	PUSH	ESI
  1178 0000093A 57                              	PUSH	EDI
  1179 0000093B E8 FFFFF937                     	CALL	_boxfill_circle_forWindow
  1180 00000940 83 C4 24                        	ADD	ESP,36
  1181 00000943 FF 75 10                        	PUSH	DWORD [16+EBP]
  1182 00000946 56                              	PUSH	ESI
  1183 00000947 6A 19                           	PUSH	25
  1184 00000949 6A 00                           	PUSH	0
  1185 0000094B 6A 13                           	PUSH	19
  1186 0000094D 56                              	PUSH	ESI
  1187 0000094E 57                              	PUSH	EDI
  1188 0000094F E8 FFFFF8D2                     	CALL	_boxfill8
  1189 00000954 6A 07                           	PUSH	7
  1190 00000956 6A 0C                           	PUSH	12
  1191 00000958 6A 12                           	PUSH	18
  1192 0000095A 6A 03                           	PUSH	3
  1193 0000095C 56                              	PUSH	ESI
  1194 0000095D 57                              	PUSH	EDI
  1195 0000095E E8 FFFFFC7B                     	CALL	_Circlefill8_No_BG
  1196 00000963 83 C4 34                        	ADD	ESP,52
  1197 00000966 6A 07                           	PUSH	7
  1198 00000968 6A 0C                           	PUSH	12
  1199 0000096A 6A 23                           	PUSH	35
  1200 0000096C 6A 04                           	PUSH	4
  1201 0000096E 56                              	PUSH	ESI
  1202 0000096F 57                              	PUSH	EDI
  1203 00000970 E8 FFFFFC69                     	CALL	_Circlefill8_No_BG
  1204 00000975 6A 0D                           	PUSH	13
  1205 00000977 6A 26                           	PUSH	38
  1206 00000979 6A 0C                           	PUSH	12
  1207 0000097B 6A 21                           	PUSH	33
  1208 0000097D 6A 00                           	PUSH	0
  1209 0000097F 56                              	PUSH	ESI
  1210 00000980 57                              	PUSH	EDI
  1211 00000981 E8 FFFFF8A0                     	CALL	_boxfill8
  1212 00000986 83 C4 34                        	ADD	ESP,52
  1213 00000989 FF 75 14                        	PUSH	DWORD [20+EBP]
  1214 0000098C 6A 0E                           	PUSH	14
  1215 0000098E 6A 05                           	PUSH	5
  1216 00000990 6A 35                           	PUSH	53
  1217 00000992 56                              	PUSH	ESI
  1218 00000993 57                              	PUSH	EDI
  1219 00000994 E8 FFFFFDD3                     	CALL	_putfonts8_asc
  1220 00000999 83 C4 18                        	ADD	ESP,24
  1221 0000099C 6B D6 09                        	IMUL	EDX,ESI,9
  1222 0000099F                                 L162:
  1223 0000099F 31 C9                           	XOR	ECX,ECX
  1224 000009A1 8D 44 17 0E                     	LEA	EAX,DWORD [14+EDI+EDX*1]
  1225 000009A5                                 L161:
  1226 000009A5 80 BC D9 [00000198] 40          	CMP	BYTE [_closebtn.3+ECX+EBX*8],64
  1227 000009AD 74 17                           	JE	L167
  1228 000009AF                                 L158:
  1229 000009AF 41                              	INC	ECX
  1230 000009B0 40                              	INC	EAX
  1231 000009B1 83 F9 07                        	CMP	ECX,7
  1232 000009B4 7E EF                           	JLE	L161
  1233 000009B6 43                              	INC	EBX
  1234 000009B7 01 F2                           	ADD	EDX,ESI
  1235 000009B9 83 FB 06                        	CMP	EBX,6
  1236 000009BC 7E E1                           	JLE	L162
  1237 000009BE 8D 65 F4                        	LEA	ESP,DWORD [-12+EBP]
  1238 000009C1 5B                              	POP	EBX
  1239 000009C2 5E                              	POP	ESI
  1240 000009C3 5F                              	POP	EDI
  1241 000009C4 5D                              	POP	EBP
  1242 000009C5 C3                              	RET
  1243 000009C6                                 L167:
  1244 000009C6 C6 00 00                        	MOV	BYTE [EAX],0
  1245 000009C9 EB E4                           	JMP	L158
  1246 000009CB                                 	GLOBAL	_Sel_window
  1247 000009CB                                 _Sel_window:
  1248 000009CB 55                              	PUSH	EBP
  1249 000009CC 89 E5                           	MOV	EBP,ESP
  1250 000009CE 57                              	PUSH	EDI
  1251 000009CF 56                              	PUSH	ESI
  1252 000009D0 53                              	PUSH	EBX
  1253 000009D1 50                              	PUSH	EAX
  1254 000009D2 50                              	PUSH	EAX
  1255 000009D3 8B 45 08                        	MOV	EAX,DWORD [8+EBP]
  1256 000009D6 83 7D 0C 00                     	CMP	DWORD [12+EBP],0
  1257 000009DA 8B 70 08                        	MOV	ESI,DWORD [8+EAX]
  1258 000009DD 8B 38                           	MOV	EDI,DWORD [EAX]
  1259 000009DF 75 73                           	JNE	L169
  1260 000009E1 C6 45 EF 13                     	MOV	BYTE [-17+EBP],19
  1261 000009E5 C6 45 ED 01                     	MOV	BYTE [-19+EBP],1
  1262 000009E9 C6 45 EE 0E                     	MOV	BYTE [-18+EBP],14
  1263 000009ED C6 45 EC 13                     	MOV	BYTE [-20+EBP],19
  1264 000009F1                                 L170:
  1265 000009F1 6B CE 05                        	IMUL	ECX,ESI,5
  1266 000009F4 C7 45 F0 00000010               	MOV	DWORD [-16+EBP],16
  1267 000009FB                                 L183:
  1268 000009FB BB 00000035                     	MOV	EBX,53
  1269 00000A00 8D 46 FC                        	LEA	EAX,DWORD [-4+ESI]
  1270 00000A03 39 C3                           	CMP	EBX,EAX
  1271 00000A05 7F 18                           	JG	L187
  1272 00000A07                                 L182:
  1273 00000A07 8D 14 0B                        	LEA	EDX,DWORD [EBX+ECX*1]
  1274 00000A0A 8A 04 3A                        	MOV	AL,BYTE [EDX+EDI*1]
  1275 00000A0D 3A 45 ED                        	CMP	AL,BYTE [-19+EBP]
  1276 00000A10 74 3D                           	JE	L189
  1277 00000A12 3A 45 EC                        	CMP	AL,BYTE [-20+EBP]
  1278 00000A15 74 30                           	JE	L190
  1279 00000A17                                 L177:
  1280 00000A17 43                              	INC	EBX
  1281 00000A18 8D 46 FC                        	LEA	EAX,DWORD [-4+ESI]
  1282 00000A1B 39 C3                           	CMP	EBX,EAX
  1283 00000A1D 7E E8                           	JLE	L182
  1284 00000A1F                                 L187:
  1285 00000A1F 01 F1                           	ADD	ECX,ESI
  1286 00000A21 FF 4D F0                        	DEC	DWORD [-16+EBP]
  1287 00000A24 79 D5                           	JNS	L183
  1288 00000A26 8B 55 08                        	MOV	EDX,DWORD [8+EBP]
  1289 00000A29 6A 15                           	PUSH	21
  1290 00000A2B 8B 42 08                        	MOV	EAX,DWORD [8+EDX]
  1291 00000A2E 83 E8 14                        	SUB	EAX,20
  1292 00000A31 50                              	PUSH	EAX
  1293 00000A32 6A 05                           	PUSH	5
  1294 00000A34 6A 35                           	PUSH	53
  1295 00000A36 52                              	PUSH	EDX
  1296 00000A37 FF 72 04                        	PUSH	DWORD [4+EDX]
  1297 00000A3A E8 [00000000]                   	CALL	_sheet_refresh
  1298 00000A3F 8D 65 F4                        	LEA	ESP,DWORD [-12+EBP]
  1299 00000A42 5B                              	POP	EBX
  1300 00000A43 5E                              	POP	ESI
  1301 00000A44 5F                              	POP	EDI
  1302 00000A45 5D                              	POP	EBP
  1303 00000A46 C3                              	RET
  1304 00000A47                                 L190:
  1305 00000A47 8A 45 EE                        	MOV	AL,BYTE [-18+EBP]
  1306 00000A4A                                 L188:
  1307 00000A4A 88 04 3A                        	MOV	BYTE [EDX+EDI*1],AL
  1308 00000A4D EB C8                           	JMP	L177
  1309 00000A4F                                 L189:
  1310 00000A4F 8A 45 EF                        	MOV	AL,BYTE [-17+EBP]
  1311 00000A52 EB F6                           	JMP	L188
  1312 00000A54                                 L169:
  1313 00000A54 C6 45 EF 01                     	MOV	BYTE [-17+EBP],1
  1314 00000A58 C6 45 ED 13                     	MOV	BYTE [-19+EBP],19
  1315 00000A5C C6 45 EE 13                     	MOV	BYTE [-18+EBP],19
  1316 00000A60 C6 45 EC 0E                     	MOV	BYTE [-20+EBP],14
  1317 00000A64 EB 8B                           	JMP	L170
  1318 00000A66                                 	GLOBAL	_Sel_Console
  1319 00000A66                                 _Sel_Console:
  1320 00000A66 55                              	PUSH	EBP
  1321 00000A67 89 E5                           	MOV	EBP,ESP
  1322 00000A69 53                              	PUSH	EBX
  1323 00000A6A 83 7D 0C 00                     	CMP	DWORD [12+EBP],0
  1324 00000A6E 8B 5D 08                        	MOV	EBX,DWORD [8+EBP]
  1325 00000A71 75 37                           	JNE	L192
  1326 00000A73 53                              	PUSH	EBX
  1327 00000A74 6A 00                           	PUSH	0
  1328 00000A76                                 L194:
  1329 00000A76 6A 05                           	PUSH	5
  1330 00000A78 6A 35                           	PUSH	53
  1331 00000A7A FF 73 14                        	PUSH	DWORD [20+EBX]
  1332 00000A7D 8B 43 1C                        	MOV	EAX,DWORD [28+EBX]
  1333 00000A80 FF 30                           	PUSH	DWORD [EAX]
  1334 00000A82 E8 FFFFFCE5                     	CALL	_putfonts8_asc
  1335 00000A87 83 C4 18                        	ADD	ESP,24
  1336 00000A8A 6A 15                           	PUSH	21
  1337 00000A8C 8B 43 14                        	MOV	EAX,DWORD [20+EBX]
  1338 00000A8F 83 E8 14                        	SUB	EAX,20
  1339 00000A92 50                              	PUSH	EAX
  1340 00000A93 6A 05                           	PUSH	5
  1341 00000A95 6A 35                           	PUSH	53
  1342 00000A97 FF 73 1C                        	PUSH	DWORD [28+EBX]
  1343 00000A9A 8B 43 1C                        	MOV	EAX,DWORD [28+EBX]
  1344 00000A9D FF 70 04                        	PUSH	DWORD [4+EAX]
  1345 00000AA0 E8 [00000000]                   	CALL	_sheet_refresh
  1346 00000AA5 8B 5D FC                        	MOV	EBX,DWORD [-4+EBP]
  1347 00000AA8 C9                              	LEAVE
  1348 00000AA9 C3                              	RET
  1349 00000AAA                                 L192:
  1350 00000AAA 53                              	PUSH	EBX
  1351 00000AAB 6A 01                           	PUSH	1
  1352 00000AAD EB C7                           	JMP	L194
  1353 00000AAF                                 	GLOBAL	_make_textbox8
  1354 00000AAF                                 _make_textbox8:
  1355 00000AAF 55                              	PUSH	EBP
  1356 00000AB0 89 E5                           	MOV	EBP,ESP
  1357 00000AB2 57                              	PUSH	EDI
  1358 00000AB3 56                              	PUSH	ESI
  1359 00000AB4 8B 75 10                        	MOV	ESI,DWORD [16+EBP]
  1360 00000AB7 53                              	PUSH	EBX
  1361 00000AB8 89 F3                           	MOV	EBX,ESI
  1362 00000ABA 6A 01                           	PUSH	1
  1363 00000ABC 03 5D 18                        	ADD	EBX,DWORD [24+EBP]
  1364 00000ABF 8B 7D 0C                        	MOV	EDI,DWORD [12+EBP]
  1365 00000AC2 6A 03                           	PUSH	3
  1366 00000AC4 03 7D 14                        	ADD	EDI,DWORD [20+EBP]
  1367 00000AC7 53                              	PUSH	EBX
  1368 00000AC8 8B 45 08                        	MOV	EAX,DWORD [8+EBP]
  1369 00000ACB 57                              	PUSH	EDI
  1370 00000ACC 4B                              	DEC	EBX
  1371 00000ACD 56                              	PUSH	ESI
  1372 00000ACE 4F                              	DEC	EDI
  1373 00000ACF FF 75 0C                        	PUSH	DWORD [12+EBP]
  1374 00000AD2 6A 06                           	PUSH	6
  1375 00000AD4 46                              	INC	ESI
  1376 00000AD5 FF 70 08                        	PUSH	DWORD [8+EAX]
  1377 00000AD8 FF 30                           	PUSH	DWORD [EAX]
  1378 00000ADA E8 FFFFF89A                     	CALL	_boxfill_circle
  1379 00000ADF 8B 45 0C                        	MOV	EAX,DWORD [12+EBP]
  1380 00000AE2 83 C4 24                        	ADD	ESP,36
  1381 00000AE5 40                              	INC	EAX
  1382 00000AE6 6A 01                           	PUSH	1
  1383 00000AE8 6A 03                           	PUSH	3
  1384 00000AEA 53                              	PUSH	EBX
  1385 00000AEB 57                              	PUSH	EDI
  1386 00000AEC 56                              	PUSH	ESI
  1387 00000AED 50                              	PUSH	EAX
  1388 00000AEE 8B 45 08                        	MOV	EAX,DWORD [8+EBP]
  1389 00000AF1 6A 00                           	PUSH	0
  1390 00000AF3 FF 70 08                        	PUSH	DWORD [8+EAX]
  1391 00000AF6 FF 30                           	PUSH	DWORD [EAX]
  1392 00000AF8 E8 FFFFF87C                     	CALL	_boxfill_circle
  1393 00000AFD 8D 65 F4                        	LEA	ESP,DWORD [-12+EBP]
  1394 00000B00 5B                              	POP	EBX
  1395 00000B01 5E                              	POP	ESI
  1396 00000B02 5F                              	POP	EDI
  1397 00000B03 5D                              	POP	EBP
  1398 00000B04 C3                              	RET
  1399 00000B05                                 	GLOBAL	_putfonts8_asc_sht
  1400 00000B05                                 _putfonts8_asc_sht:
  1401 00000B05 55                              	PUSH	EBP
  1402 00000B06 89 E5                           	MOV	EBP,ESP
  1403 00000B08 57                              	PUSH	EDI
  1404 00000B09 56                              	PUSH	ESI
  1405 00000B0A 53                              	PUSH	EBX
  1406 00000B0B 83 EC 10                        	SUB	ESP,16
  1407 00000B0E 8B 45 08                        	MOV	EAX,DWORD [8+EBP]
  1408 00000B11 8B 7D 14                        	MOV	EDI,DWORD [20+EBP]
  1409 00000B14 89 45 F0                        	MOV	DWORD [-16+EBP],EAX
  1410 00000B17 8B 5D 18                        	MOV	EBX,DWORD [24+EBP]
  1411 00000B1A 8B 45 0C                        	MOV	EAX,DWORD [12+EBP]
  1412 00000B1D 89 45 EC                        	MOV	DWORD [-20+EBP],EAX
  1413 00000B20 8B 45 10                        	MOV	EAX,DWORD [16+EBP]
  1414 00000B23 89 45 E8                        	MOV	DWORD [-24+EBP],EAX
  1415 00000B26 8B 45 20                        	MOV	EAX,DWORD [32+EBP]
  1416 00000B29 89 45 E4                        	MOV	DWORD [-28+EBP],EAX
  1417 00000B2C 8D 47 0F                        	LEA	EAX,DWORD [15+EDI]
  1418 00000B2F 50                              	PUSH	EAX
  1419 00000B30 8B 45 E8                        	MOV	EAX,DWORD [-24+EBP]
  1420 00000B33 8B 75 24                        	MOV	ESI,DWORD [36+EBP]
  1421 00000B36 0F BE DB                        	MOVSX	EBX,BL
  1422 00000B39 8D 34 F0                        	LEA	ESI,DWORD [EAX+ESI*8]
  1423 00000B3C 8D 46 FF                        	LEA	EAX,DWORD [-1+ESI]
  1424 00000B3F 50                              	PUSH	EAX
  1425 00000B40 57                              	PUSH	EDI
  1426 00000B41 FF 75 E8                        	PUSH	DWORD [-24+EBP]
  1427 00000B44 0F B6 45 1C                     	MOVZX	EAX,BYTE [28+EBP]
  1428 00000B48 50                              	PUSH	EAX
  1429 00000B49 8B 45 EC                        	MOV	EAX,DWORD [-20+EBP]
  1430 00000B4C FF 70 08                        	PUSH	DWORD [8+EAX]
  1431 00000B4F FF 30                           	PUSH	DWORD [EAX]
  1432 00000B51 E8 FFFFF6D0                     	CALL	_boxfill8
  1433 00000B56 FF 75 E4                        	PUSH	DWORD [-28+EBP]
  1434 00000B59 53                              	PUSH	EBX
  1435 00000B5A 57                              	PUSH	EDI
  1436 00000B5B FF 75 E8                        	PUSH	DWORD [-24+EBP]
  1437 00000B5E 8B 45 EC                        	MOV	EAX,DWORD [-20+EBP]
  1438 00000B61 FF 70 08                        	PUSH	DWORD [8+EAX]
  1439 00000B64 FF 30                           	PUSH	DWORD [EAX]
  1440 00000B66 E8 FFFFFC01                     	CALL	_putfonts8_asc
  1441 00000B6B 89 7D 14                        	MOV	DWORD [20+EBP],EDI
  1442 00000B6E 8D 47 10                        	LEA	EAX,DWORD [16+EDI]
  1443 00000B71 89 75 18                        	MOV	DWORD [24+EBP],ESI
  1444 00000B74 89 45 1C                        	MOV	DWORD [28+EBP],EAX
  1445 00000B77 83 C4 34                        	ADD	ESP,52
  1446 00000B7A 8B 45 E8                        	MOV	EAX,DWORD [-24+EBP]
  1447 00000B7D 89 45 10                        	MOV	DWORD [16+EBP],EAX
  1448 00000B80 8B 45 EC                        	MOV	EAX,DWORD [-20+EBP]
  1449 00000B83 89 45 0C                        	MOV	DWORD [12+EBP],EAX
  1450 00000B86 8B 45 F0                        	MOV	EAX,DWORD [-16+EBP]
  1451 00000B89 89 45 08                        	MOV	DWORD [8+EBP],EAX
  1452 00000B8C 8D 65 F4                        	LEA	ESP,DWORD [-12+EBP]
  1453 00000B8F 5B                              	POP	EBX
  1454 00000B90 5E                              	POP	ESI
  1455 00000B91 5F                              	POP	EDI
  1456 00000B92 5D                              	POP	EBP
  1457 00000B93 E9 [00000000]                   	JMP	_sheet_refresh
